Archive member included to satisfy reference by file (symbol)

c:/program files (x86)/gnu tools arm embedded/5.4 2016q3/bin/../lib/gcc/arm-none-eabi/5.4.1/../../../../arm-none-eabi/lib/armv6-m\libstdc++_nano.a(del_opv.o)
                              mbed-src/common/RawSerial.o (operator delete[](void*))
c:/program files (x86)/gnu tools arm embedded/5.4 2016q3/bin/../lib/gcc/arm-none-eabi/5.4.1/../../../../arm-none-eabi/lib/armv6-m\libstdc++_nano.a(atexit_arm.o)
                              main.o (__aeabi_atexit)
c:/program files (x86)/gnu tools arm embedded/5.4 2016q3/bin/../lib/gcc/arm-none-eabi/5.4.1/../../../../arm-none-eabi/lib/armv6-m\libstdc++_nano.a(del_op.o)
                              SDFileSystem/FATFileSystem/FATDirHandle.o (operator delete(void*))
c:/program files (x86)/gnu tools arm embedded/5.4 2016q3/bin/../lib/gcc/arm-none-eabi/5.4.1/../../../../arm-none-eabi/lib/armv6-m\libstdc++_nano.a(new_op.o)
                              SDFileSystem/FATFileSystem/FATFileSystem.o (operator new(unsigned int))
c:/program files (x86)/gnu tools arm embedded/5.4 2016q3/bin/../lib/gcc/arm-none-eabi/5.4.1/../../../../arm-none-eabi/lib/armv6-m\libstdc++_nano.a(new_opv.o)
                              mbed-src/common/CallChain.o (operator new[](unsigned int))
c:/program files (x86)/gnu tools arm embedded/5.4 2016q3/bin/../lib/gcc/arm-none-eabi/5.4.1/../../../../arm-none-eabi/lib/armv6-m\libstdc++_nano.a(new_handler.o)
                              c:/program files (x86)/gnu tools arm embedded/5.4 2016q3/bin/../lib/gcc/arm-none-eabi/5.4.1/../../../../arm-none-eabi/lib/armv6-m\libstdc++_nano.a(new_op.o) (std::get_new_handler())
c:/program files (x86)/gnu tools arm embedded/5.4 2016q3/bin/../lib/gcc/arm-none-eabi/5.4.1/../../../../arm-none-eabi/lib/armv6-m\libm.a(lib_a-s_floor.o)
                              mbed-src/targets/hal/TARGET_NXP/TARGET_LPC11UXX/spi_api.o (floor)
c:/program files (x86)/gnu tools arm embedded/5.4 2016q3/bin/../lib/gcc/arm-none-eabi/5.4.1/../../../../arm-none-eabi/lib/armv6-m\libm.a(lib_a-w_exp.o)
                              main.o (exp)
c:/program files (x86)/gnu tools arm embedded/5.4 2016q3/bin/../lib/gcc/arm-none-eabi/5.4.1/../../../../arm-none-eabi/lib/armv6-m\libm.a(lib_a-e_exp.o)
                              c:/program files (x86)/gnu tools arm embedded/5.4 2016q3/bin/../lib/gcc/arm-none-eabi/5.4.1/../../../../arm-none-eabi/lib/armv6-m\libm.a(lib_a-w_exp.o) (__ieee754_exp)
c:/program files (x86)/gnu tools arm embedded/5.4 2016q3/bin/../lib/gcc/arm-none-eabi/5.4.1/../../../../arm-none-eabi/lib/armv6-m\libm.a(lib_a-s_finite.o)
                              c:/program files (x86)/gnu tools arm embedded/5.4 2016q3/bin/../lib/gcc/arm-none-eabi/5.4.1/../../../../arm-none-eabi/lib/armv6-m\libm.a(lib_a-w_exp.o) (finite)
c:/program files (x86)/gnu tools arm embedded/5.4 2016q3/bin/../lib/gcc/arm-none-eabi/5.4.1/../../../../arm-none-eabi/lib/armv6-m\libm.a(lib_a-s_lib_ver.o)
                              c:/program files (x86)/gnu tools arm embedded/5.4 2016q3/bin/../lib/gcc/arm-none-eabi/5.4.1/../../../../arm-none-eabi/lib/armv6-m\libm.a(lib_a-w_exp.o) (__fdlib_version)
c:/program files (x86)/gnu tools arm embedded/5.4 2016q3/bin/../lib/gcc/arm-none-eabi/5.4.1/../../../../arm-none-eabi/lib/armv6-m\libm.a(lib_a-s_matherr.o)
                              c:/program files (x86)/gnu tools arm embedded/5.4 2016q3/bin/../lib/gcc/arm-none-eabi/5.4.1/../../../../arm-none-eabi/lib/armv6-m\libm.a(lib_a-w_exp.o) (matherr)
c:/program files (x86)/gnu tools arm embedded/5.4 2016q3/bin/../lib/gcc/arm-none-eabi/5.4.1/../../../../arm-none-eabi/lib/armv6-m\libc_nano.a(lib_a-abort.o)
                              c:/program files (x86)/gnu tools arm embedded/5.4 2016q3/bin/../lib/gcc/arm-none-eabi/5.4.1/../../../../arm-none-eabi/lib/armv6-m\libstdc++_nano.a(new_op.o) (abort)
c:/program files (x86)/gnu tools arm embedded/5.4 2016q3/bin/../lib/gcc/arm-none-eabi/5.4.1/../../../../arm-none-eabi/lib/armv6-m\libc_nano.a(lib_a-abs.o)
                              mbed-src/targets/hal/TARGET_NXP/TARGET_LPC11UXX/serial_api.o (abs)
c:/program files (x86)/gnu tools arm embedded/5.4 2016q3/bin/../lib/gcc/arm-none-eabi/5.4.1/../../../../arm-none-eabi/lib/armv6-m\libc_nano.a(lib_a-cxa_atexit.o)
                              c:/program files (x86)/gnu tools arm embedded/5.4 2016q3/bin/../lib/gcc/arm-none-eabi/5.4.1/../../../../arm-none-eabi/lib/armv6-m\libstdc++_nano.a(atexit_arm.o) (__cxa_atexit)
c:/program files (x86)/gnu tools arm embedded/5.4 2016q3/bin/../lib/gcc/arm-none-eabi/5.4.1/../../../../arm-none-eabi/lib/armv6-m\libc_nano.a(lib_a-errno.o)
                              mbed-src/common/retarget.o (__errno)
c:/program files (x86)/gnu tools arm embedded/5.4 2016q3/bin/../lib/gcc/arm-none-eabi/5.4.1/../../../../arm-none-eabi/lib/armv6-m\libc_nano.a(lib_a-exit.o)
[...]
Memory Configuration

Name             Origin             Length             Attributes
FLASH            0x00000000         0x00020000         xr
RAM              0x100000c0         0x00001f40         xrw
RAMIO            0x20000000         0x00000800         xrw
USB_RAM          0x20004000         0x00000800         xrw
*default*        0x00000000         0xffffffff

Linker script and memory map

LOAD c:/program files (x86)/gnu tools arm embedded/5.4 2016q3/bin/../lib/gcc/arm-none-eabi/5.4.1/armv6-m/crti.o
LOAD c:/program files (x86)/gnu tools arm embedded/5.4 2016q3/bin/../lib/gcc/arm-none-eabi/5.4.1/armv6-m/crtbegin.o
LOAD c:/program files (x86)/gnu tools arm embedded/5.4 2016q3/bin/../lib/gcc/arm-none-eabi/5.4.1/../../../../arm-none-eabi/lib/armv6-m/crt0.o
LOAD SDFileSystem/FATFileSystem/ChaN/ccsbcs.o
LOAD SDFileSystem/FATFileSystem/ChaN/diskio.o
LOAD SDFileSystem/FATFileSystem/ChaN/ff.o
LOAD SDFileSystem/FATFileSystem/FATDirHandle.o
LOAD SDFileSystem/FATFileSystem/FATFileHandle.o
LOAD SDFileSystem/FATFileSystem/FATFileSystem.o
LOAD SDFileSystem/SDFileSystem.o
LOAD main.o
LOAD mbed-src/common/BusIn.o
LOAD mbed-src/common/BusInOut.o
LOAD mbed-src/common/BusOut.o
LOAD mbed-src/common/CAN.o
LOAD mbed-src/common/CallChain.o
LOAD mbed-src/common/Ethernet.o
LOAD mbed-src/common/FileBase.o
LOAD mbed-src/common/FileLike.o
LOAD mbed-src/common/FilePath.o
LOAD mbed-src/common/FileSystemLike.o
LOAD mbed-src/common/I2C.o
LOAD mbed-src/common/I2CSlave.o
LOAD mbed-src/common/InterruptIn.o
LOAD mbed-src/common/InterruptManager.o
LOAD mbed-src/common/LocalFileSystem.o
LOAD mbed-src/common/RawSerial.o
LOAD mbed-src/common/SPI.o
LOAD mbed-src/common/SPISlave.o
LOAD mbed-src/common/Serial.o
LOAD mbed-src/common/SerialBase.o
LOAD mbed-src/common/Stream.o
LOAD mbed-src/common/Ticker.o
LOAD mbed-src/common/Timeout.o
LOAD mbed-src/common/Timer.o
LOAD mbed-src/common/TimerEvent.o
LOAD mbed-src/common/assert.o
LOAD mbed-src/common/board.o
LOAD mbed-src/common/error.o
LOAD mbed-src/common/gpio.o
LOAD mbed-src/common/mbed_interface.o
LOAD mbed-src/common/pinmap_common.o
LOAD mbed-src/common/retarget.o
LOAD mbed-src/common/rtc_time.o
LOAD mbed-src/common/semihost_api.o
LOAD mbed-src/common/us_ticker_api.o
LOAD mbed-src/common/wait_api.o
LOAD mbed-src/common/ticker_api.o
LOAD mbed-src/targets/cmsis/TARGET_NXP/TARGET_LPC11UXX/TOOLCHAIN_GCC_ARM/startup_LPC11xx.o
LOAD mbed-src/targets/cmsis/TARGET_NXP/TARGET_LPC11UXX/cmsis_nvic.o
LOAD mbed-src/targets/cmsis/TARGET_NXP/TARGET_LPC11UXX/system_LPC11Uxx.o
LOAD mbed-src/targets/hal/TARGET_NXP/TARGET_LPC11UXX/TARGET_LPC11U37H_401/PeripheralPins.o
LOAD mbed-src/targets/hal/TARGET_NXP/TARGET_LPC11UXX/analogin_api.o
LOAD mbed-src/targets/hal/TARGET_NXP/TARGET_LPC11UXX/gpio_api.o
LOAD mbed-src/targets/hal/TARGET_NXP/TARGET_LPC11UXX/gpio_irq_api.o
LOAD mbed-src/targets/hal/TARGET_NXP/TARGET_LPC11UXX/i2c_api.o
LOAD mbed-src/targets/hal/TARGET_NXP/TARGET_LPC11UXX/pinmap.o
LOAD mbed-src/targets/hal/TARGET_NXP/TARGET_LPC11UXX/port_api.o
LOAD mbed-src/targets/hal/TARGET_NXP/TARGET_LPC11UXX/pwmout_api.o
LOAD mbed-src/targets/hal/TARGET_NXP/TARGET_LPC11UXX/serial_api.o
LOAD mbed-src/targets/hal/TARGET_NXP/TARGET_LPC11UXX/sleep.o
LOAD mbed-src/targets/hal/TARGET_NXP/TARGET_LPC11UXX/spi_api.o
LOAD mbed-src/targets/hal/TARGET_NXP/TARGET_LPC11UXX/us_ticker.o
START GROUP
LOAD c:/program files (x86)/gnu tools arm embedded/5.4 2016q3/bin/../lib/gcc/arm-none-eabi/5.4.1/../../../../arm-none-eabi/lib/armv6-m\libstdc++_nano.a
LOAD c:/program files (x86)/gnu tools arm embedded/5.4 2016q3/bin/../lib/gcc/arm-none-eabi/5.4.1/../../../../arm-none-eabi/lib/armv6-m\libsupc++_nano.a
LOAD c:/program files (x86)/gnu tools arm embedded/5.4 2016q3/bin/../lib/gcc/arm-none-eabi/5.4.1/../../../../arm-none-eabi/lib/armv6-m\libm.a
LOAD c:/program files (x86)/gnu tools arm embedded/5.4 2016q3/bin/../lib/gcc/arm-none-eabi/5.4.1/../../../../arm-none-eabi/lib/armv6-m\libc_nano.a
LOAD c:/program files (x86)/gnu tools arm embedded/5.4 2016q3/bin/../lib/gcc/arm-none-eabi/5.4.1/armv6-m\libgcc.a
LOAD c:/program files (x86)/gnu tools arm embedded/5.4 2016q3/bin/../lib/gcc/arm-none-eabi/5.4.1/../../../../arm-none-eabi/lib/armv6-m\libnosys.a
END GROUP
START GROUP
LOAD c:/program files (x86)/gnu tools arm embedded/5.4 2016q3/bin/../lib/gcc/arm-none-eabi/5.4.1/armv6-m\libgcc.a
LOAD c:/program files (x86)/gnu tools arm embedded/5.4 2016q3/bin/../lib/gcc/arm-none-eabi/5.4.1/../../../../arm-none-eabi/lib/armv6-m\libc_nano.a
END GROUP
START GROUP
LOAD c:/program files (x86)/gnu tools arm embedded/5.4 2016q3/bin/../lib/gcc/arm-none-eabi/5.4.1/armv6-m\libgcc.a
LOAD c:/program files (x86)/gnu tools arm embedded/5.4 2016q3/bin/../lib/gcc/arm-none-eabi/5.4.1/../../../../arm-none-eabi/lib/armv6-m\libc_nano.a
END GROUP
LOAD c:/program files (x86)/gnu tools arm embedded/5.4 2016q3/bin/../lib/gcc/arm-none-eabi/5.4.1/armv6-m/crtend.o
LOAD c:/program files (x86)/gnu tools arm embedded/5.4 2016q3/bin/../lib/gcc/arm-none-eabi/5.4.1/armv6-m/crtn.o

.text           0x00000000    0x1473c
 *(.isr_vector)
 .isr_vector    0x00000000       0xc0 mbed-src/targets/cmsis/TARGET_NXP/TARGET_LPC11UXX/TOOLCHAIN_GCC_ARM/startup_LPC11xx.o
                0x00000000                __isr_vector
 *(.text.Reset_Handler)
 .text.Reset_Handler
                0x000000c0       0x34 mbed-src/targets/cmsis/TARGET_NXP/TARGET_LPC11UXX/TOOLCHAIN_GCC_ARM/startup_LPC11xx.o
                0x000000c0                Reset_Handler
                0x00000200                . = 0x200
 *fill*         0x000000f4      0x10c 
 *(.text*)
 .text          0x00000200       0x60 c:/program files (x86)/gnu tools arm embedded/5.4 2016q3/bin/../lib/gcc/arm-none-eabi/5.4.1/armv6-m/crtbegin.o
 .text          0x00000260       0x78 c:/program files (x86)/gnu tools arm embedded/5.4 2016q3/bin/../lib/gcc/arm-none-eabi/5.4.1/../../../../arm-none-eabi/lib/armv6-m/crt0.o
                0x00000260                _start
                0x00000260                _mainCRTStartup
 .text.ff_convert
                0x000002d8       0xb0 SDFileSystem/FATFileSystem/ChaN/ccsbcs.o
                0x000002d8                ff_convert
 .text.ff_wtoupper
                0x00000388       0x60 SDFileSystem/FATFileSystem/ChaN/ccsbcs.o
                0x00000388                ff_wtoupper
 .text.debug_if
                0x000003e8       0x30 SDFileSystem/FATFileSystem/ChaN/diskio.o
 .text._Z15disk_initializeh
                0x00000418       0x50 SDFileSystem/FATFileSystem/ChaN/diskio.o
                0x00000418                disk_initialize(unsigned char)
 .text._Z11disk_statush
                0x00000468       0x50 SDFileSystem/FATFileSystem/ChaN/diskio.o
                0x00000468                disk_status(unsigned char)
 .text._Z9disk_readhPhmh
                0x000004b8       0xb8 SDFileSystem/FATFileSystem/ChaN/diskio.o
                0x000004b8                disk_read(unsigned char, unsigned char*, unsigned long, unsigned char)
 .text._Z10disk_writehPKhmh
                0x00000570       0xb8 SDFileSystem/FATFileSystem/ChaN/diskio.o
                0x00000570                disk_write(unsigned char, unsigned char const*, unsigned long, unsigned char)
 .text._Z10disk_ioctlhhPv
                0x00000628       0xec SDFileSystem/FATFileSystem/ChaN/diskio.o
                0x00000628                disk_ioctl(unsigned char, unsigned char, void*)
 .text._ZL7mem_cpyPvPKvj
                0x00000714       0x38 SDFileSystem/FATFileSystem/ChaN/ff.o
 .text._ZL7mem_setPvij
                0x0000074c       0x30 SDFileSystem/FATFileSystem/ChaN/ff.o
 .text._ZL7mem_cmpPKvS0_j
                0x0000077c       0x50 SDFileSystem/FATFileSystem/ChaN/ff.o
 .text._ZL7chk_chrPKci
                0x000007cc       0x2c SDFileSystem/FATFileSystem/ChaN/ff.o
 .text._ZL11move_windowP5FATFSm
                0x000007f8       0xcc SDFileSystem/FATFileSystem/ChaN/ff.o
 .text._ZL4syncP5FATFS
                0x000008c4      0x188 SDFileSystem/FATFileSystem/ChaN/ff.o
 .text._Z10clust2sectP5FATFSm
                0x00000a4c       0x34 SDFileSystem/FATFileSystem/ChaN/ff.o
                0x00000a4c                clust2sect(FATFS*, unsigned long)
 .text._Z7get_fatP5FATFSm
                0x00000a80      0x184 SDFileSystem/FATFileSystem/ChaN/ff.o
                0x00000a80                get_fat(FATFS*, unsigned long)
 .text._Z7put_fatP5FATFSmm
                0x00000c04      0x230 SDFileSystem/FATFileSystem/ChaN/ff.o
                0x00000c04                put_fat(FATFS*, unsigned long, unsigned long)
 .text._ZL12remove_chainP5FATFSm
                0x00000e34       0xb8 SDFileSystem/FATFileSystem/ChaN/ff.o
 .text._ZL12create_chainP5FATFSm
                0x00000eec      0x130 SDFileSystem/FATFileSystem/ChaN/ff.o
 .text._ZL7dir_sdiP9FATFS_DIRt
                0x0000101c      0x134 SDFileSystem/FATFileSystem/ChaN/ff.o
 .text._ZL8dir_nextP9FATFS_DIRi
                0x00001150      0x1d4 SDFileSystem/FATFileSystem/ChaN/ff.o
 .text._ZL8ld_clustP5FATFSPh
                0x00001324       0x50 SDFileSystem/FATFileSystem/ChaN/ff.o
 .text._ZL8st_clustPhm
                0x00001374       0x40 SDFileSystem/FATFileSystem/ChaN/ff.o
 .text._ZL7cmp_lfnPtPh
                0x000013b4      0x10c SDFileSystem/FATFileSystem/ChaN/ff.o
 .text._ZL8pick_lfnPtPh
                0x000014c0       0xe4 SDFileSystem/FATFileSystem/ChaN/ff.o
 .text._ZL7fit_lfnPKtPhhh
                0x000015a4      0x124 SDFileSystem/FATFileSystem/ChaN/ff.o
 .text._Z11gen_numnamePhPKhPKtt
                0x000016c8      0x110 SDFileSystem/FATFileSystem/ChaN/ff.o
                0x000016c8                gen_numname(unsigned char*, unsigned char const*, unsigned short const*, unsigned short)
 .text._ZL7sum_sfnPKh
                0x000017d8       0x58 SDFileSystem/FATFileSystem/ChaN/ff.o
 .text._ZL8dir_findP9FATFS_DIR
                0x00001830      0x1e8 SDFileSystem/FATFileSystem/ChaN/ff.o
 .text._ZL8dir_readP9FATFS_DIR
                0x00001a18      0x1b0 SDFileSystem/FATFileSystem/ChaN/ff.o
 .text._ZL12dir_registerP9FATFS_DIR
                0x00001bc8      0x320 SDFileSystem/FATFileSystem/ChaN/ff.o
 .text._ZL10dir_removeP9FATFS_DIR
                0x00001ee8       0xc4 SDFileSystem/FATFileSystem/ChaN/ff.o
 .text._ZL11create_nameP9FATFS_DIRPPKc
                0x00001fac      0x410 SDFileSystem/FATFileSystem/ChaN/ff.o
 .text._ZL12get_fileinfoP9FATFS_DIRP7FILINFO
                0x000023bc      0x240 SDFileSystem/FATFileSystem/ChaN/ff.o
 .text._ZL11follow_pathP9FATFS_DIRPKc
                0x000025fc      0x104 SDFileSystem/FATFileSystem/ChaN/ff.o
 .text._ZL8check_fsP5FATFSm
                0x00002700       0xd4 SDFileSystem/FATFileSystem/ChaN/ff.o
 .text._ZL11chk_mountedPPKcPP5FATFSh
                0x000027d4      0x5f4 SDFileSystem/FATFileSystem/ChaN/ff.o
 .text._ZL8validatePv
                0x00002dc8       0x58 SDFileSystem/FATFileSystem/ChaN/ff.o
 .text.f_mount  0x00002e20       0x5c SDFileSystem/FATFileSystem/ChaN/ff.o
                0x00002e20                f_mount
 .text.f_open   0x00002e7c      0x2f4 SDFileSystem/FATFileSystem/ChaN/ff.o
                0x00002e7c                f_open
 .text.f_read   0x00003170      0x2e0 SDFileSystem/FATFileSystem/ChaN/ff.o
                0x00003170                f_read
 .text.f_write  0x00003450      0x340 SDFileSystem/FATFileSystem/ChaN/ff.o
                0x00003450                f_write
 .text.f_sync   0x00003790      0x174 SDFileSystem/FATFileSystem/ChaN/ff.o
                0x00003790                f_sync
 .text.f_close  0x00003904       0x34 SDFileSystem/FATFileSystem/ChaN/ff.o
                0x00003904                f_close
 .text.f_lseek  0x00003938      0x2d8 SDFileSystem/FATFileSystem/ChaN/ff.o
                0x00003938                f_lseek
 .text.f_opendir
                0x00003c10       0xf4 SDFileSystem/FATFileSystem/ChaN/ff.o
                0x00003c10                f_opendir
 .text.f_readdir
                0x00003d04       0xc0 SDFileSystem/FATFileSystem/ChaN/ff.o
                0x00003d04                f_readdir
 .text.f_unlink
                0x00003dc4      0x188 SDFileSystem/FATFileSystem/ChaN/ff.o
                0x00003dc4                f_unlink
 .text.f_mkdir  0x00003f4c      0x2ac SDFileSystem/FATFileSystem/ChaN/ff.o
                0x00003f4c                f_mkdir
 .text.f_mkfs   0x000041f8      0x9d8 SDFileSystem/FATFileSystem/ChaN/ff.o
                0x000041f8                f_mkfs
 .text._ZN4mbed9DirHandle7telldirEv
                0x00004bd0       0x10 SDFileSystem/FATFileSystem/FATDirHandle.o
                0x00004bd0                mbed::DirHandle::telldir()
 .text._ZN4mbed9DirHandle7seekdirEl
                0x00004be0        0xc SDFileSystem/FATFileSystem/FATDirHandle.o
                0x00004be0                mbed::DirHandle::seekdir(long)
 .text._ZN4mbed9DirHandleD2Ev
                0x00004bec       0x28 SDFileSystem/FATFileSystem/FATDirHandle.o
                0x00004bec                mbed::DirHandle::~DirHandle()
                0x00004bec                mbed::DirHandle::~DirHandle()
 .text._ZN4mbed9DirHandleD0Ev
                0x00004c14       0x20 SDFileSystem/FATFileSystem/FATDirHandle.o
                0x00004c14                mbed::DirHandle::~DirHandle()
 .text._ZN4mbed9DirHandleC2Ev
                0x00004c34       0x18 SDFileSystem/FATFileSystem/FATDirHandle.o
                0x00004c34                mbed::DirHandle::DirHandle()
                0x00004c34                mbed::DirHandle::DirHandle()
 .text._ZN12FATDirHandleC2ERK9FATFS_DIR
                0x00004c4c       0x34 SDFileSystem/FATFileSystem/FATDirHandle.o
                0x00004c4c                FATDirHandle::FATDirHandle(FATFS_DIR const&)
                0x00004c4c                FATDirHandle::FATDirHandle(FATFS_DIR const&)
 .text._ZN12FATDirHandle8closedirEv
                0x00004c80       0x24 SDFileSystem/FATFileSystem/FATDirHandle.o
                0x00004c80                FATDirHandle::closedir()
 .text._ZN12FATDirHandle7readdirEv
                0x00004ca4       0x6c SDFileSystem/FATFileSystem/FATDirHandle.o
                0x00004ca4                FATDirHandle::readdir()
 .text._ZN12FATDirHandle9rewinddirEv
                0x00004d10       0x10 SDFileSystem/FATFileSystem/FATDirHandle.o
                0x00004d10                FATDirHandle::rewinddir()
 .text._ZN12FATDirHandle7telldirEv
                0x00004d20       0x10 SDFileSystem/FATFileSystem/FATDirHandle.o
                0x00004d20                FATDirHandle::telldir()
 .text._ZN12FATDirHandle7seekdirEl
                0x00004d30       0x14 SDFileSystem/FATFileSystem/FATDirHandle.o
                0x00004d30                FATDirHandle::seekdir(long)
 .text._ZN12FATDirHandleD2Ev
                0x00004d44       0x30 SDFileSystem/FATFileSystem/FATDirHandle.o
                0x00004d44                FATDirHandle::~FATDirHandle()
                0x00004d44                FATDirHandle::~FATDirHandle()
 .text._ZN12FATDirHandleD0Ev
                0x00004d74       0x20 SDFileSystem/FATFileSystem/FATDirHandle.o
                0x00004d74                FATDirHandle::~FATDirHandle()
 .text.debug_if
                0x00004d94       0x30 SDFileSystem/FATFileSystem/FATFileHandle.o
 .text._ZN4mbed10FileHandleC2Ev
                0x00004dc4       0x18 SDFileSystem/FATFileSystem/FATFileHandle.o
                0x00004dc4                mbed::FileHandle::FileHandle()
                0x00004dc4                mbed::FileHandle::FileHandle()
 .text._ZN13FATFileHandleC2E3FIL
                0x00004ddc       0x50 SDFileSystem/FATFileSystem/FATFileHandle.o
                0x00004ddc                FATFileHandle::FATFileHandle(FIL)
                0x00004ddc                FATFileHandle::FATFileHandle(FIL)
 .text._ZN13FATFileHandle5closeEv
                0x00004e2c       0x30 SDFileSystem/FATFileSystem/FATFileHandle.o
                0x00004e2c                FATFileHandle::close()
 .text._ZN13FATFileHandle5writeEPKvj
                0x00004e5c       0x4c SDFileSystem/FATFileSystem/FATFileHandle.o
                0x00004e5c                FATFileHandle::write(void const*, unsigned int)
 .text._ZN13FATFileHandle4readEPvj
                0x00004ea8       0x5c SDFileSystem/FATFileSystem/FATFileHandle.o
                0x00004ea8                FATFileHandle::read(void*, unsigned int)
 .text._ZN13FATFileHandle6isattyEv
                0x00004f04        0xc SDFileSystem/FATFileSystem/FATFileHandle.o
                0x00004f04                FATFileHandle::isatty()
 .text._ZN13FATFileHandle5lseekEli
                0x00004f10       0x84 SDFileSystem/FATFileSystem/FATFileHandle.o
                0x00004f10                FATFileHandle::lseek(long, int)
 .text._ZN13FATFileHandle5fsyncEv
                0x00004f94       0x44 SDFileSystem/FATFileSystem/FATFileHandle.o
                0x00004f94                FATFileHandle::fsync()
 .text._ZN13FATFileHandle4flenEv
                0x00004fd8       0x10 SDFileSystem/FATFileSystem/FATFileHandle.o
                0x00004fd8                FATFileHandle::flen()
 .text._ZN13FATFileHandleD2Ev
                0x00004fe8       0x30 SDFileSystem/FATFileSystem/FATFileHandle.o
                0x00004fe8                FATFileHandle::~FATFileHandle()
                0x00004fe8                FATFileHandle::~FATFileHandle()
 .text._ZN13FATFileHandleD0Ev
                0x00005018       0x20 SDFileSystem/FATFileSystem/FATFileHandle.o
                0x00005018                FATFileHandle::~FATFileHandle()
 .text._ZN4mbed14FileSystemLike6renameEPKcS2_
                0x00005038       0x14 SDFileSystem/FATFileSystem/FATFileSystem.o
                0x00005038                mbed::FileSystemLike::rename(char const*, char const*)
 .text.debug_if
                0x0000504c       0x30 SDFileSystem/FATFileSystem/FATFileSystem.o
 .text._ZN13FATFileSystem15disk_initializeEv
                0x0000507c        0xc SDFileSystem/FATFileSystem/FATFileSystem.o
                0x0000507c                FATFileSystem::disk_initialize()
 .text._ZN13FATFileSystem11disk_statusEv
                0x00005088        0xc SDFileSystem/FATFileSystem/FATFileSystem.o
                0x00005088                FATFileSystem::disk_status()
 .text._ZN13FATFileSystem9disk_syncEv
                0x00005094        0xc SDFileSystem/FATFileSystem/FATFileSystem.o
                0x00005094                FATFileSystem::disk_sync()
 .text.get_fattime
                0x000050a0       0x58 SDFileSystem/FATFileSystem/FATFileSystem.o
                0x000050a0                get_fattime
 .text._ZN13FATFileSystemC2EPKc
                0x000050f8       0xa8 SDFileSystem/FATFileSystem/FATFileSystem.o
                0x000050f8                FATFileSystem::FATFileSystem(char const*)
                0x000050f8                FATFileSystem::FATFileSystem(char const*)
 .text._ZN13FATFileSystemD2Ev
                0x000051a0       0x68 SDFileSystem/FATFileSystem/FATFileSystem.o
                0x000051a0                FATFileSystem::~FATFileSystem()
                0x000051a0                FATFileSystem::~FATFileSystem()
 .text._ZN13FATFileSystem4openEPKci
                0x00005208      0x17c SDFileSystem/FATFileSystem/FATFileSystem.o
                0x00005208                FATFileSystem::open(char const*, int)
 .text._ZN13FATFileSystem6removeEPKc
                0x00005384       0x44 SDFileSystem/FATFileSystem/FATFileSystem.o
                0x00005384                FATFileSystem::remove(char const*)
 .text._ZN13FATFileSystem6formatEv
                0x000053c8       0x50 SDFileSystem/FATFileSystem/FATFileSystem.o
                0x000053c8                FATFileSystem::format()
 .text._ZN13FATFileSystem7opendirEPKc
                0x00005418       0x4c SDFileSystem/FATFileSystem/FATFileSystem.o
                0x00005418                FATFileSystem::opendir(char const*)
 .text._ZN13FATFileSystem5mkdirEPKcm
                0x00005464       0x34 SDFileSystem/FATFileSystem/FATFileSystem.o
                0x00005464                FATFileSystem::mkdir(char const*, unsigned long)
 .text.gpio_write
                0x00005498       0x48 SDFileSystem/SDFileSystem.o
 .text._ZN4mbed10DigitalOutC2E7PinName
                0x000054e0       0x38 SDFileSystem/SDFileSystem.o
                0x000054e0                mbed::DigitalOut::DigitalOut(PinName)
                0x000054e0                mbed::DigitalOut::DigitalOut(PinName)
 .text._ZN4mbed10DigitalOut5writeEi
                0x00005518       0x1c SDFileSystem/SDFileSystem.o
                0x00005518                mbed::DigitalOut::write(int)
 .text._ZN4mbed10DigitalOutaSEi
                0x00005534       0x1c SDFileSystem/SDFileSystem.o
                0x00005534                mbed::DigitalOut::operator=(int)
 .text._ZN4mbed3SPID2Ev
                0x00005550       0x28 SDFileSystem/SDFileSystem.o
                0x00005550                mbed::SPI::~SPI()
                0x00005550                mbed::SPI::~SPI()
 .text._ZN4mbed3SPID0Ev
                0x00005578       0x20 SDFileSystem/SDFileSystem.o
                0x00005578                mbed::SPI::~SPI()
 .text.debug    0x00005598       0x28 SDFileSystem/SDFileSystem.o
 .text.debug_if
                0x000055c0       0x30 SDFileSystem/SDFileSystem.o
 .text._ZN12SDFileSystemC2E7PinNameS0_S0_S0_PKc
                0x000055f0       0x98 SDFileSystem/SDFileSystem.o
                0x000055f0                SDFileSystem::SDFileSystem(PinName, PinName, PinName, PinName, char const*)
                0x000055f0                SDFileSystem::SDFileSystem(PinName, PinName, PinName, PinName, char const*)
 .text._ZN12SDFileSystem15initialise_cardEv
                0x00005688       0xc4 SDFileSystem/SDFileSystem.o
                0x00005688                SDFileSystem::initialise_card()
 .text._ZN12SDFileSystem18initialise_card_v1Ev
                0x0000574c       0x74 SDFileSystem/SDFileSystem.o
                0x0000574c                SDFileSystem::initialise_card_v1()
 .text._ZN12SDFileSystem18initialise_card_v2Ev
                0x000057c0       0x8c SDFileSystem/SDFileSystem.o
                0x000057c0                SDFileSystem::initialise_card_v2()
 .text._ZN12SDFileSystem15disk_initializeEv
                0x0000584c       0x84 SDFileSystem/SDFileSystem.o
                0x0000584c                SDFileSystem::disk_initialize()
 .text._ZN12SDFileSystem10disk_writeEPKhy
                0x000058d0       0x54 SDFileSystem/SDFileSystem.o
                0x000058d0                SDFileSystem::disk_write(unsigned char const*, unsigned long long)
 .text._ZN12SDFileSystem9disk_readEPhy
                0x00005924       0x54 SDFileSystem/SDFileSystem.o
                0x00005924                SDFileSystem::disk_read(unsigned char*, unsigned long long)
 .text._ZN12SDFileSystem11disk_statusEv
                0x00005978        0xc SDFileSystem/SDFileSystem.o
                0x00005978                SDFileSystem::disk_status()
 .text._ZN12SDFileSystem9disk_syncEv
                0x00005984        0xc SDFileSystem/SDFileSystem.o
                0x00005984                SDFileSystem::disk_sync()
 .text._ZN12SDFileSystem12disk_sectorsEv
                0x00005990       0x1c SDFileSystem/SDFileSystem.o
                0x00005990                SDFileSystem::disk_sectors()
 .text._ZN12SDFileSystem4_cmdEii
                0x000059ac      0x120 SDFileSystem/SDFileSystem.o
                0x000059ac                SDFileSystem::_cmd(int, int)
 .text._ZN12SDFileSystem5_cmdxEii
                0x00005acc       0xfc SDFileSystem/SDFileSystem.o
                0x00005acc                SDFileSystem::_cmdx(int, int)
 .text._ZN12SDFileSystem6_cmd58Ev
                0x00005bc8      0x188 SDFileSystem/SDFileSystem.o
                0x00005bc8                SDFileSystem::_cmd58()
 .text._ZN12SDFileSystem5_cmd8Ev
                0x00005d50      0x14c SDFileSystem/SDFileSystem.o
                0x00005d50                SDFileSystem::_cmd8()
 .text._ZN12SDFileSystem5_readEPhm
                0x00005e9c       0xc0 SDFileSystem/SDFileSystem.o
                0x00005e9c                SDFileSystem::_read(unsigned char*, unsigned long)
 .text._ZN12SDFileSystem6_writeEPKhm
                0x00005f5c      0x114 SDFileSystem/SDFileSystem.o
                0x00005f5c                SDFileSystem::_write(unsigned char const*, unsigned long)
 .text._ZL8ext_bitsPhii
                0x00006070       0x74 SDFileSystem/SDFileSystem.o
 .text._ZN12SDFileSystem11_sd_sectorsEv
                0x000060e4      0x170 SDFileSystem/SDFileSystem.o
                0x000060e4                SDFileSystem::_sd_sectors()
 .text._ZN12SDFileSystemD2Ev
                0x00006254       0x40 SDFileSystem/SDFileSystem.o
                0x00006254                SDFileSystem::~SDFileSystem()
                0x00006254                SDFileSystem::~SDFileSystem()
 .text._ZN12SDFileSystemD0Ev
                0x00006294       0x20 SDFileSystem/SDFileSystem.o
                0x00006294                SDFileSystem::~SDFileSystem()
 .text.NVIC_SystemReset
                0x000062b4       0x18 main.o
 .text.gpio_read
                0x000062cc       0x40 main.o
 .text._ZN4mbed12DigitalInOutC2E7PinName
                0x0000630c       0x38 main.o
                0x0000630c                mbed::DigitalInOut::DigitalInOut(PinName)
                0x0000630c                mbed::DigitalInOut::DigitalInOut(PinName)
 .text._ZN4mbed12DigitalInOut4readEv
                0x00006344       0x18 main.o
                0x00006344                mbed::DigitalInOut::read()
 .text._ZN4mbed12DigitalInOut5inputEv
                0x0000635c       0x18 main.o
                0x0000635c                mbed::DigitalInOut::input()
 .text._ZN4mbed12DigitalInOut4modeE7PinMode
                0x00006374       0x24 main.o
                0x00006374                mbed::DigitalInOut::mode(PinMode)
 .text._ZN4mbed8AnalogInC2E7PinName
                0x00006398       0x28 main.o
                0x00006398                mbed::AnalogIn::AnalogIn(PinName)
                0x00006398                mbed::AnalogIn::AnalogIn(PinName)
 .text._ZN4mbed8AnalogIn4readEv
                0x000063c0       0x18 main.o
                0x000063c0                mbed::AnalogIn::read()
 .text._ZN4mbed8AnalogIncvfEv
                0x000063d8       0x18 main.o
                0x000063d8                mbed::AnalogIn::operator float()
 .text._ZN4mbed10SerialBaseD2Ev
                0x000063f0       0x28 main.o
                0x000063f0                mbed::SerialBase::~SerialBase()
                0x000063f0                mbed::SerialBase::~SerialBase()
 .text._ZN4mbed10SerialBaseD0Ev
                0x00006418       0x20 main.o
                0x00006418                mbed::SerialBase::~SerialBase()
 .text._ZN4mbed6TickerC2Ev
                0x00006438       0x2c main.o
                0x00006438                mbed::Ticker::Ticker()
                0x00006438                mbed::Ticker::Ticker()
 .text._ZN4mbed6Ticker9attach_usEPFvvEm
                0x00006464       0x2c main.o
                0x00006464                mbed::Ticker::attach_us(void (*)(), unsigned long)
 .text._ZN4mbed6TickerD2Ev
                0x00006490       0x38 main.o
                0x00006490                mbed::Ticker::~Ticker()
                0x00006490                mbed::Ticker::~Ticker()
 .text._ZN4mbed6TickerD0Ev
                0x000064c8       0x20 main.o
                0x000064c8                mbed::Ticker::~Ticker()
 .text._ZN4mbed7TimeoutC2Ev
                0x000064e8       0x20 main.o
                0x000064e8                mbed::Timeout::Timeout()
                0x000064e8                mbed::Timeout::Timeout()
 .text._Z3ZCDv  0x00006508       0x90 main.o
                0x00006508                ZCD()
 .text._Z9ZCD_Slavev
                0x00006598       0x70 main.o
                0x00006598                ZCD_Slave()
 .text._Z6ZCD_SDv
                0x00006608       0xd4 main.o
                0x00006608                ZCD_SD()
 .text._Z12ZCD_SD_Slavev
                0x000066dc       0xe0 main.o
                0x000066dc                ZCD_SD_Slave()
 .text._Z22vfnLoadSequencesFromSDv
                0x000067bc      0x1bc main.o
                0x000067bc                vfnLoadSequencesFromSD()
 .text._Z21vfnBroadcastSequencesv
                0x00006978       0xf4 main.o
                0x00006978                vfnBroadcastSequences()
 .text._Z10vfnGetLinev
                0x00006a6c       0x60 main.o
                0x00006a6c                vfnGetLine()
 .text._Z19vfnSlaveRecieveDatav
                0x00006acc      0x280 main.o
                0x00006acc                vfnSlaveRecieveData()
 .text.main     0x00006d4c      0x3bc main.o
                0x00006d4c                main
 .text._ZN4mbed19FunctionPointerArg1IvvEC2EPFvvE
                0x00007108       0x1c main.o
                0x00007108                mbed::FunctionPointerArg1<void, void>::FunctionPointerArg1(void (*)())
                0x00007108                mbed::FunctionPointerArg1<void, void>::FunctionPointerArg1(void (*)())
 .text._ZN4mbed19FunctionPointerArg1IvvE6attachEPFvvE
                0x00007124       0x18 main.o
                0x00007124                mbed::FunctionPointerArg1<void, void>::attach(void (*)())
 .text._ZN4mbed6SerialD2Ev
                0x0000713c       0x6c main.o
                0x0000713c                mbed::Serial::~Serial()
                0x0000713c                mbed::Serial::~Serial()
                0x00007188                non-virtual thunk to mbed::Serial::~Serial()
                0x00007198                non-virtual thunk to mbed::Serial::~Serial()
 .text._ZN4mbed6SerialD0Ev
                0x000071a8       0x40 main.o
                0x000071a8                mbed::Serial::~Serial()
                0x000071c8                non-virtual thunk to mbed::Serial::~Serial()
                0x000071d8                non-virtual thunk to mbed::Serial::~Serial()
 .text._ZN4mbed7TimeoutD2Ev
                0x000071e8       0x30 main.o
                0x000071e8                mbed::Timeout::~Timeout()
                0x000071e8                mbed::Timeout::~Timeout()
 .text._ZN4mbed7TimeoutD0Ev
                0x00007218       0x20 main.o
                0x00007218                mbed::Timeout::~Timeout()
 .text._Z41__static_initialization_and_destruction_0ii
                0x00007238      0x24c main.o
 .text._GLOBAL__sub_I_ptrSDSequences
                0x00007484       0x14 main.o
 .text._ZN4mbed8BusInOutC2E7PinNameS1_S1_S1_S1_S1_S1_S1_S1_S1_S1_S1_S1_S1_S1_S1_
                0x00007498      0x150 mbed-src/common/BusInOut.o
                0x00007498                mbed::BusInOut::BusInOut(PinName, PinName, PinName, PinName, PinName, PinName, PinName, PinName, PinName, PinName, PinName, PinName, PinName, PinName, PinName, PinName)
                0x00007498                mbed::BusInOut::BusInOut(PinName, PinName, PinName, PinName, PinName, PinName, PinName, PinName, PinName, PinName, PinName, PinName, PinName, PinName, PinName, PinName)
 .text._ZN4mbed8BusInOutD2Ev
                0x000075e8       0x5c mbed-src/common/BusInOut.o
                0x000075e8                mbed::BusInOut::~BusInOut()
                0x000075e8                mbed::BusInOut::~BusInOut()
 .text._ZN4mbed8BusInOutD0Ev
                0x00007644       0x20 mbed-src/common/BusInOut.o
                0x00007644                mbed::BusInOut::~BusInOut()
 .text._ZN4mbed8BusInOut4readEv
                0x00007664       0x54 mbed-src/common/BusInOut.o
                0x00007664                mbed::BusInOut::read()
 .text._ZN4mbed8BusInOut5inputEv
                0x000076b8       0x40 mbed-src/common/BusInOut.o
                0x000076b8                mbed::BusInOut::input()
 .text._ZN4mbed8BusInOut4modeE7PinMode
                0x000076f8       0x50 mbed-src/common/BusInOut.o
                0x000076f8                mbed::BusInOut::mode(PinMode)
 .text._ZN4mbed6BusOutC2E7PinNameS1_S1_S1_S1_S1_S1_S1_S1_S1_S1_S1_S1_S1_S1_S1_
                0x00007748      0x150 mbed-src/common/BusOut.o
                0x00007748                mbed::BusOut::BusOut(PinName, PinName, PinName, PinName, PinName, PinName, PinName, PinName, PinName, PinName, PinName, PinName, PinName, PinName, PinName, PinName)
                0x00007748                mbed::BusOut::BusOut(PinName, PinName, PinName, PinName, PinName, PinName, PinName, PinName, PinName, PinName, PinName, PinName, PinName, PinName, PinName, PinName)
 .text._ZN4mbed6BusOutD2Ev
                0x00007898       0x5c mbed-src/common/BusOut.o
                0x00007898                mbed::BusOut::~BusOut()
                0x00007898                mbed::BusOut::~BusOut()
 .text._ZN4mbed6BusOutD0Ev
                0x000078f4       0x20 mbed-src/common/BusOut.o
                0x000078f4                mbed::BusOut::~BusOut()
 .text._ZN4mbed6BusOut5writeEi
                0x00007914       0x50 mbed-src/common/BusOut.o
                0x00007914                mbed::BusOut::write(int)
 .text._ZN4mbed6BusOutaSEi
                0x00007964       0x1c mbed-src/common/BusOut.o
                0x00007964                mbed::BusOut::operator=(int)
 .text._ZN4mbed19FunctionPointerArg1IvvE4callEv
                0x00007980       0x48 mbed-src/common/CallChain.o
                0x00007980                mbed::FunctionPointerArg1<void, void>::call()
 .text._ZN4mbed8FileBaseC2EPKcNS_8PathTypeE
                0x000079c8       0x54 mbed-src/common/FileBase.o
                0x000079c8                mbed::FileBase::FileBase(char const*, mbed::PathType)
                0x000079c8                mbed::FileBase::FileBase(char const*, mbed::PathType)
 .text._ZN4mbed8FileBaseD2Ev
                0x00007a1c       0x68 mbed-src/common/FileBase.o
                0x00007a1c                mbed::FileBase::~FileBase()
                0x00007a1c                mbed::FileBase::~FileBase()
 .text._ZN4mbed8FileBaseD0Ev
                0x00007a84       0x20 mbed-src/common/FileBase.o
                0x00007a84                mbed::FileBase::~FileBase()
 .text._ZN4mbed8FileBase6lookupEPKcj
                0x00007aa4       0x64 mbed-src/common/FileBase.o
                0x00007aa4                mbed::FileBase::lookup(char const*, unsigned int)
 .text._ZN4mbed8FileBase11getPathTypeEv
                0x00007b08       0x10 mbed-src/common/FileBase.o
                0x00007b08                mbed::FileBase::getPathType()
 .text._ZN4mbed10FileHandle4flenEv
                0x00007b18       0x54 mbed-src/common/FileLike.o
                0x00007b18                mbed::FileHandle::flen()
 .text._ZN4mbed8FileLikeC2EPKc
                0x00007b6c       0x3c mbed-src/common/FileLike.o
                0x00007b6c                mbed::FileLike::FileLike(char const*)
                0x00007b6c                mbed::FileLike::FileLike(char const*)
 .text._ZN4mbed8FileLikeD2Ev
                0x00007ba8       0x44 mbed-src/common/FileLike.o
                0x00007ba8                mbed::FileLike::~FileLike()
                0x00007ba8                mbed::FileLike::~FileLike()
 .text._ZN4mbed8FilePathC2EPKc
                0x00007bec       0x90 mbed-src/common/FilePath.o
                0x00007bec                mbed::FilePath::FilePath(char const*)
                0x00007bec                mbed::FilePath::FilePath(char const*)
 .text._ZN4mbed8FilePath8fileNameEv
                0x00007c7c       0x10 mbed-src/common/FilePath.o
                0x00007c7c                mbed::FilePath::fileName()
 .text._ZN4mbed8FilePath12isFileSystemEv
                0x00007c8c       0x2c mbed-src/common/FilePath.o
                0x00007c8c                mbed::FilePath::isFileSystem()
 .text._ZN4mbed8FilePath10fileSystemEv
                0x00007cb8       0x20 mbed-src/common/FilePath.o
                0x00007cb8                mbed::FilePath::fileSystem()
 .text._ZN4mbed8FilePath6isFileEv
                0x00007cd8       0x2c mbed-src/common/FilePath.o
                0x00007cd8                mbed::FilePath::isFile()
 .text._ZN4mbed8FilePath4fileEv
                0x00007d04       0x30 mbed-src/common/FilePath.o
                0x00007d04                mbed::FilePath::file()
 .text._ZN4mbed8FilePath6existsEv
                0x00007d34       0x14 mbed-src/common/FilePath.o
                0x00007d34                mbed::FilePath::exists()
 .text._ZN4mbed14FileSystemLike6removeEPKc
                0x00007d48       0x10 mbed-src/common/FileSystemLike.o
                0x00007d48                mbed::FileSystemLike::remove(char const*)
 .text._ZN4mbed14FileSystemLike7opendirEPKc
                0x00007d58       0x10 mbed-src/common/FileSystemLike.o
                0x00007d58                mbed::FileSystemLike::opendir(char const*)
 .text._ZN4mbed14FileSystemLike5mkdirEPKcm
                0x00007d68       0x14 mbed-src/common/FileSystemLike.o
                0x00007d68                mbed::FileSystemLike::mkdir(char const*, unsigned long)
 .text._ZN4mbed14FileSystemLikeC2EPKc
                0x00007d7c       0x28 mbed-src/common/FileSystemLike.o
                0x00007d7c                mbed::FileSystemLike::FileSystemLike(char const*)
                0x00007d7c                mbed::FileSystemLike::FileSystemLike(char const*)
 .text._ZN4mbed14FileSystemLikeD2Ev
                0x00007da4       0x30 mbed-src/common/FileSystemLike.o
                0x00007da4                mbed::FileSystemLike::~FileSystemLike()
                0x00007da4                mbed::FileSystemLike::~FileSystemLike()
 .text._ZN4mbed11InterruptInC2E7PinName
                0x00007dd4       0x7c mbed-src/common/InterruptIn.o
                0x00007dd4                mbed::InterruptIn::InterruptIn(PinName)
                0x00007dd4                mbed::InterruptIn::InterruptIn(PinName)
 .text._ZN4mbed11InterruptInD2Ev
                0x00007e50       0x30 mbed-src/common/InterruptIn.o
                0x00007e50                mbed::InterruptIn::~InterruptIn()
                0x00007e50                mbed::InterruptIn::~InterruptIn()
 .text._ZN4mbed11InterruptInD0Ev
                0x00007e80       0x20 mbed-src/common/InterruptIn.o
                0x00007e80                mbed::InterruptIn::~InterruptIn()
 .text._ZN4mbed11InterruptIn4modeE7PinMode
                0x00007ea0       0x28 mbed-src/common/InterruptIn.o
                0x00007ea0                mbed::InterruptIn::mode(PinMode)
 .text._ZN4mbed11InterruptIn12_irq_handlerEm14gpio_irq_event
                0x00007ec8       0x40 mbed-src/common/InterruptIn.o
                0x00007ec8                mbed::InterruptIn::_irq_handler(unsigned long, gpio_irq_event)
 .text._ZN4mbed3SPIC2E7PinNameS1_S1_S1_
                0x00007f08       0xa0 mbed-src/common/SPI.o
                0x00007f08                mbed::SPI::SPI(PinName, PinName, PinName, PinName)
                0x00007f08                mbed::SPI::SPI(PinName, PinName, PinName, PinName)
 .text._ZN4mbed3SPI9frequencyEi
                0x00007fa8       0x28 mbed-src/common/SPI.o
                0x00007fa8                mbed::SPI::frequency(int)
 .text._ZN4mbed3SPI6aquireEv
                0x00007fd0       0x44 mbed-src/common/SPI.o
                0x00007fd0                mbed::SPI::aquire()
 .text._ZN4mbed3SPI5writeEi
                0x00008014       0x28 mbed-src/common/SPI.o
                0x00008014                mbed::SPI::write(int)
 .text._ZN4mbed6SerialC2E7PinNameS1_PKc
                0x0000803c       0x68 mbed-src/common/Serial.o
                0x0000803c                mbed::Serial::Serial(PinName, PinName, char const*)
                0x0000803c                mbed::Serial::Serial(PinName, PinName, char const*)
 .text._ZN4mbed6Serial5_getcEv
                0x000080a4       0x18 mbed-src/common/Serial.o
                0x000080a4                mbed::Serial::_getc()
 .text._ZThn64_N4mbed6Serial5_getcEv
                0x000080bc       0x10 mbed-src/common/Serial.o
                0x000080bc                non-virtual thunk to mbed::Serial::_getc()
 .text._ZN4mbed6Serial5_putcEi
                0x000080cc       0x1c mbed-src/common/Serial.o
                0x000080cc                mbed::Serial::_putc(int)
 .text._ZThn64_N4mbed6Serial5_putcEi
                0x000080e8       0x10 mbed-src/common/Serial.o
                0x000080e8                non-virtual thunk to mbed::Serial::_putc(int)
 .text._ZN4mbed10SerialBaseC2E7PinNameS1_
                0x000080f8       0x88 mbed-src/common/SerialBase.o
                0x000080f8                mbed::SerialBase::SerialBase(PinName, PinName)
                0x000080f8                mbed::SerialBase::SerialBase(PinName, PinName)
 .text._ZN4mbed10SerialBase12_irq_handlerEm9SerialIrq
                0x00008180       0x34 mbed-src/common/SerialBase.o
                0x00008180                mbed::SerialBase::_irq_handler(unsigned long, SerialIrq)
 .text._ZN4mbed10SerialBase10_base_getcEv
                0x000081b4       0x18 mbed-src/common/SerialBase.o
                0x000081b4                mbed::SerialBase::_base_getc()
 .text._ZN4mbed10SerialBase10_base_putcEi
                0x000081cc       0x20 mbed-src/common/SerialBase.o
                0x000081cc                mbed::SerialBase::_base_putc(int)
 .text._ZN4mbed6StreamC2EPKc
                0x000081ec       0x68 mbed-src/common/Stream.o
                0x000081ec                mbed::Stream::Stream(char const*)
                0x000081ec                mbed::Stream::Stream(char const*)
 .text._ZN4mbed6StreamD2Ev
                0x00008254       0x44 mbed-src/common/Stream.o
                0x00008254                mbed::Stream::~Stream()
                0x00008254                mbed::Stream::~Stream()
 .text._ZN4mbed6Stream4putcEi
                0x00008298       0x28 mbed-src/common/Stream.o
                0x00008298                mbed::Stream::putc(int)
 .text._ZN4mbed6Stream4getcEv
                0x000082c0       0x24 mbed-src/common/Stream.o
                0x000082c0                mbed::Stream::getc()
 .text._ZN4mbed6Stream5closeEv
                0x000082e4        0xc mbed-src/common/Stream.o
                0x000082e4                mbed::Stream::close()
 .text._ZN4mbed6Stream5writeEPKvj
                0x000082f0       0x54 mbed-src/common/Stream.o
                0x000082f0                mbed::Stream::write(void const*, unsigned int)
 .text._ZN4mbed6Stream4readEPvj
                0x00008344       0x54 mbed-src/common/Stream.o
                0x00008344                mbed::Stream::read(void*, unsigned int)
 .text._ZN4mbed6Stream5lseekEli
                0x00008398       0x10 mbed-src/common/Stream.o
                0x00008398                mbed::Stream::lseek(long, int)
 .text._ZN4mbed6Stream6isattyEv
                0x000083a8        0xc mbed-src/common/Stream.o
                0x000083a8                mbed::Stream::isatty()
 .text._ZN4mbed6Stream5fsyncEv
                0x000083b4        0xc mbed-src/common/Stream.o
                0x000083b4                mbed::Stream::fsync()
 .text._ZN4mbed6Stream4flenEv
                0x000083c0        0xc mbed-src/common/Stream.o
                0x000083c0                mbed::Stream::flen()
 .text._ZN4mbed6Stream6printfEPKcz
                0x000083cc       0x34 mbed-src/common/Stream.o
                0x000083cc                mbed::Stream::printf(char const*, ...)
 .text._ZN4mbed6Ticker6detachEv
                0x00008400       0x20 mbed-src/common/Ticker.o
                0x00008400                mbed::Ticker::detach()
 .text._ZN4mbed6Ticker5setupEm
                0x00008420       0x38 mbed-src/common/Ticker.o
                0x00008420                mbed::Ticker::setup(unsigned long)
 .text._ZN4mbed6Ticker7handlerEv
                0x00008458       0x28 mbed-src/common/Ticker.o
                0x00008458                mbed::Ticker::handler()
 .text._ZN4mbed7Timeout7handlerEv
                0x00008480       0x18 mbed-src/common/Timeout.o
                0x00008480                mbed::Timeout::handler()
 .text._ZN4mbed10TimerEventC2Ev
                0x00008498       0x48 mbed-src/common/TimerEvent.o
                0x00008498                mbed::TimerEvent::TimerEvent()
                0x00008498                mbed::TimerEvent::TimerEvent()
 .text._ZN4mbed10TimerEvent3irqEm
                0x000084e0       0x20 mbed-src/common/TimerEvent.o
                0x000084e0                mbed::TimerEvent::irq(unsigned long)
 .text._ZN4mbed10TimerEventD2Ev
                0x00008500       0x30 mbed-src/common/TimerEvent.o
                0x00008500                mbed::TimerEvent::~TimerEvent()
                0x00008500                mbed::TimerEvent::~TimerEvent()
 .text._ZN4mbed10TimerEvent6insertEm
                0x00008530       0x20 mbed-src/common/TimerEvent.o
                0x00008530                mbed::TimerEvent::insert(unsigned long)
 .text._ZN4mbed10TimerEvent6removeEv
                0x00008550       0x1c mbed-src/common/TimerEvent.o
                0x00008550                mbed::TimerEvent::remove()
 .text.mbed_assert_internal
                0x0000856c       0x20 mbed-src/common/assert.o
                0x0000856c                mbed_assert_internal
 .text.gpio_write
                0x0000858c       0x48 mbed-src/common/board.o
 .text.mbed_die
                0x000085d4       0x8c mbed-src/common/board.o
                0x000085d4                mbed_die
 .text.error    0x00008660       0x24 mbed-src/common/error.o
                0x00008660                error
 .text.gpio_write
                0x00008684       0x48 mbed-src/common/gpio.o
 .text._gpio_init_in
                0x000086cc       0x58 mbed-src/common/gpio.o
 .text._gpio_init_out
                0x00008724       0x68 mbed-src/common/gpio.o
 .text.gpio_init_in
                0x0000878c       0x28 mbed-src/common/gpio.o
                0x0000878c                gpio_init_in
 .text.gpio_init_in_ex
                0x000087b4       0x38 mbed-src/common/gpio.o
                0x000087b4                gpio_init_in_ex
 .text.gpio_init_out
                0x000087ec       0x28 mbed-src/common/gpio.o
                0x000087ec                gpio_init_out
 .text.gpio_init_out_ex
                0x00008814       0x2c mbed-src/common/gpio.o
                0x00008814                gpio_init_out_ex
 .text.mbed_interface_connected
                0x00008840        0xc mbed-src/common/mbed_interface.o
                0x00008840                mbed_interface_connected
 .text.pinmap_pinout
                0x0000884c       0x78 mbed-src/common/pinmap_common.o
                0x0000884c                pinmap_pinout
 .text.pinmap_merge
                0x000088c4       0x40 mbed-src/common/pinmap_common.o
                0x000088c4                pinmap_merge
 .text.pinmap_find_peripheral
                0x00008904       0x40 mbed-src/common/pinmap_common.o
                0x00008904                pinmap_find_peripheral
 .text.pinmap_peripheral
                0x00008944       0x58 mbed-src/common/pinmap_common.o
                0x00008944                pinmap_peripheral
 .text._ZN4mbed10FileHandleD2Ev
                0x0000899c       0x58 mbed-src/common/retarget.o
                0x0000899c                mbed::FileHandle::~FileHandle()
                0x0000899c                mbed::FileHandle::~FileHandle()
 .text._ZL11init_serialv
                0x000089f4       0x24 mbed-src/common/retarget.o
 .text._ZL17openmode_to_posixi
                0x00008a18       0x10 mbed-src/common/retarget.o
 .text._open    0x00008a28      0x16c mbed-src/common/retarget.o
                0x00008a28                _open
 .text._close   0x00008b94       0x50 mbed-src/common/retarget.o
                0x00008b94                _close
 .text._write   0x00008be4       0x8c mbed-src/common/retarget.o
                0x00008be4                _write
 .text._read    0x00008c70       0x74 mbed-src/common/retarget.o
                0x00008c70                _read
 .text._isatty  0x00008ce4       0x44 mbed-src/common/retarget.o
                0x00008ce4                _isatty
 .text._lseek   0x00008d28       0x48 mbed-src/common/retarget.o
                0x00008d28                _lseek
 .text._fstat   0x00008d70       0x3c mbed-src/common/retarget.o
                0x00008d70                _fstat
 .text.__cxa_pure_virtual
                0x00008dac        0x8 mbed-src/common/retarget.o
                0x00008dac                __cxa_pure_virtual
 .text.mbed_main
                0x00008db4        0x4 mbed-src/common/retarget.o
                0x00008db4                mbed_main
 .text.mbed_sdk_init
                0x00008db8        0x4 mbed-src/common/retarget.o
                0x00008db8                mbed_sdk_init
 .text.__wrap_main
                0x00008dbc       0x14 mbed-src/common/retarget.o
                0x00008dbc                __wrap_main
 .text._sbrk    0x00008dd0       0x50 mbed-src/common/retarget.o
                0x00008dd0                _sbrk
 .text._exit    0x00008e20       0x44 mbed-src/common/retarget.o
                0x00008e20                _exit
 .text._ZN4mbed26mbed_set_unbuffered_streamEP7__sFILE
                0x00008e64       0x18 mbed-src/common/retarget.o
                0x00008e64                mbed::mbed_set_unbuffered_stream(__sFILE*)
 .text._ZN4mbed9mbed_getcEP7__sFILE
                0x00008e7c       0x18 mbed-src/common/retarget.o
                0x00008e7c                mbed::mbed_getc(__sFILE*)
 .text.time     0x00008e94       0x50 mbed-src/common/rtc_time.o
                0x00008e94                time
 .text.set_time
                0x00008ee4       0x34 mbed-src/common/rtc_time.o
                0x00008ee4                set_time
 .text.__semihost
                0x00008f18       0x20 mbed-src/common/semihost_api.o
 .text.semihost_exit
                0x00008f38       0x18 mbed-src/common/semihost_api.o
                0x00008f38                semihost_exit
 .text.semihost_connected
                0x00008f50        0xc mbed-src/common/semihost_api.o
                0x00008f50                semihost_connected
 .text.get_us_ticker_data
                0x00008f5c        0xc mbed-src/common/us_ticker_api.o
                0x00008f5c                get_us_ticker_data
 .text.us_ticker_irq_handler
                0x00008f68       0x14 mbed-src/common/us_ticker_api.o
                0x00008f68                us_ticker_irq_handler
 .text.wait     0x00008f7c       0x28 mbed-src/common/wait_api.o
                0x00008f7c                wait
 .text.wait_ms  0x00008fa4       0x1c mbed-src/common/wait_api.o
                0x00008fa4                wait_ms
 .text.wait_us  0x00008fc0       0x28 mbed-src/common/wait_api.o
                0x00008fc0                wait_us
 .text.ticker_set_handler
                0x00008fe8       0x20 mbed-src/common/ticker_api.o
                0x00008fe8                ticker_set_handler
 .text.ticker_irq_handler
                0x00009008       0x80 mbed-src/common/ticker_api.o
                0x00009008                ticker_irq_handler
 .text.ticker_insert_event
                0x00009088       0x78 mbed-src/common/ticker_api.o
                0x00009088                ticker_insert_event
 .text.ticker_remove_event
                0x00009100       0x7c mbed-src/common/ticker_api.o
                0x00009100                ticker_remove_event
 .text.ticker_read
                0x0000917c       0x18 mbed-src/common/ticker_api.o
                0x0000917c                ticker_read
 .text          0x00009194        0xc mbed-src/targets/cmsis/TARGET_NXP/TARGET_LPC11UXX/TOOLCHAIN_GCC_ARM/startup_LPC11xx.o
                0x00009194                NMI_Handler
                0x00009196                HardFault_Handler
                0x00009198                SVC_Handler
                0x0000919a                PendSV_Handler
                0x0000919c                SysTick_Handler
                0x0000919e                UART_IRQHandler
                0x0000919e                TIMER32_0_IRQHandler
                0x0000919e                TIMER32_1_IRQHandler
                0x0000919e                PIOINT1_IRQHandler
                0x0000919e                SSP0_IRQHandler
                0x0000919e                TIMER16_1_IRQHandler
                0x0000919e                Default_Handler
                0x0000919e                USB_FIQHandler
                0x0000919e                ADC_IRQHandler
                0x0000919e                SSP1_IRQHandler
                0x0000919e                PIOINT2_IRQHandler
                0x0000919e                USB_IRQHandler
                0x0000919e                BOD_IRQHandler
                0x0000919e                WAKEUP_IRQHandler
                0x0000919e                PIOINT0_IRQHandler
                0x0000919e                I2C_IRQHandler
                0x0000919e                WDT_IRQHandler
                0x0000919e                TIMER16_0_IRQHandler
                0x0000919e                DEF_IRQHandler
                0x0000919e                PIOINT3_IRQHandler
 .text.NVIC_SetVector
                0x000091a0       0x70 mbed-src/targets/cmsis/TARGET_NXP/TARGET_LPC11UXX/cmsis_nvic.o
                0x000091a0                NVIC_SetVector
 .text.SystemInit
                0x00009210      0x144 mbed-src/targets/cmsis/TARGET_NXP/TARGET_LPC11UXX/system_LPC11Uxx.o
                0x00009210                SystemInit
 .text.div_round_up
                0x00009354       0x20 mbed-src/targets/hal/TARGET_NXP/TARGET_LPC11UXX/analogin_api.o
 .text.analogin_init
                0x00009374       0xfc mbed-src/targets/hal/TARGET_NXP/TARGET_LPC11UXX/analogin_api.o
                0x00009374                analogin_init
 .text.adc_read
                0x00009470       0x60 mbed-src/targets/hal/TARGET_NXP/TARGET_LPC11UXX/analogin_api.o
 .text.order    0x000094d0       0x2c mbed-src/targets/hal/TARGET_NXP/TARGET_LPC11UXX/analogin_api.o
 .text.adc_read_u32
                0x000094fc       0x5c mbed-src/targets/hal/TARGET_NXP/TARGET_LPC11UXX/analogin_api.o
 .text.analogin_read
                0x00009558       0x30 mbed-src/targets/hal/TARGET_NXP/TARGET_LPC11UXX/analogin_api.o
                0x00009558                analogin_read
 .text.gpio_set
                0x00009588       0xb4 mbed-src/targets/hal/TARGET_NXP/TARGET_LPC11UXX/gpio_api.o
                0x00009588                gpio_set
 .text.gpio_init
                0x0000963c       0x8c mbed-src/targets/hal/TARGET_NXP/TARGET_LPC11UXX/gpio_api.o
                0x0000963c                gpio_init
 .text.gpio_mode
                0x000096c8       0x28 mbed-src/targets/hal/TARGET_NXP/TARGET_LPC11UXX/gpio_api.o
                0x000096c8                gpio_mode
 .text.gpio_dir
                0x000096f0       0x6c mbed-src/targets/hal/TARGET_NXP/TARGET_LPC11UXX/gpio_api.o
                0x000096f0                gpio_dir
 .text.NVIC_EnableIRQ
                0x0000975c       0x2c mbed-src/targets/hal/TARGET_NXP/TARGET_LPC11UXX/gpio_irq_api.o
 .text.handle_interrupt_in
                0x00009788       0x9c mbed-src/targets/hal/TARGET_NXP/TARGET_LPC11UXX/gpio_irq_api.o
 .text.gpio_irq0
                0x00009824        0xc mbed-src/targets/hal/TARGET_NXP/TARGET_LPC11UXX/gpio_irq_api.o
                0x00009824                gpio_irq0
 .text.gpio_irq1
                0x00009830        0xc mbed-src/targets/hal/TARGET_NXP/TARGET_LPC11UXX/gpio_irq_api.o
                0x00009830                gpio_irq1
 .text.gpio_irq2
                0x0000983c        0xc mbed-src/targets/hal/TARGET_NXP/TARGET_LPC11UXX/gpio_irq_api.o
                0x0000983c                gpio_irq2
 .text.gpio_irq3
                0x00009848        0xc mbed-src/targets/hal/TARGET_NXP/TARGET_LPC11UXX/gpio_irq_api.o
                0x00009848                gpio_irq3
 .text.gpio_irq4
                0x00009854        0xc mbed-src/targets/hal/TARGET_NXP/TARGET_LPC11UXX/gpio_irq_api.o
                0x00009854                gpio_irq4
 .text.gpio_irq5
                0x00009860        0xc mbed-src/targets/hal/TARGET_NXP/TARGET_LPC11UXX/gpio_irq_api.o
                0x00009860                gpio_irq5
 .text.gpio_irq6
                0x0000986c        0xc mbed-src/targets/hal/TARGET_NXP/TARGET_LPC11UXX/gpio_irq_api.o
                0x0000986c                gpio_irq6
 .text.gpio_irq7
                0x00009878        0xc mbed-src/targets/hal/TARGET_NXP/TARGET_LPC11UXX/gpio_irq_api.o
                0x00009878                gpio_irq7
 .text.gpio_irq_init
                0x00009884      0x17c mbed-src/targets/hal/TARGET_NXP/TARGET_LPC11UXX/gpio_irq_api.o
                0x00009884                gpio_irq_init
 .text.gpio_irq_free
                0x00009a00       0x3c mbed-src/targets/hal/TARGET_NXP/TARGET_LPC11UXX/gpio_irq_api.o
                0x00009a00                gpio_irq_free
 .text.pin_function
                0x00009a3c       0x88 mbed-src/targets/hal/TARGET_NXP/TARGET_LPC11UXX/pinmap.o
                0x00009a3c                pin_function
 .text.pin_mode
                0x00009ac4       0xb8 mbed-src/targets/hal/TARGET_NXP/TARGET_LPC11UXX/pinmap.o
                0x00009ac4                pin_mode
 .text.serial_init
                0x00009b7c      0x16c mbed-src/targets/hal/TARGET_NXP/TARGET_LPC11UXX/serial_api.o
                0x00009b7c                serial_init
 .text.serial_baud
                0x00009ce8      0x224 mbed-src/targets/hal/TARGET_NXP/TARGET_LPC11UXX/serial_api.o
                0x00009ce8                serial_baud
 .text.serial_format
                0x00009f0c      0x110 mbed-src/targets/hal/TARGET_NXP/TARGET_LPC11UXX/serial_api.o
                0x00009f0c                serial_format
 .text.serial_irq_handler
                0x0000a01c       0x28 mbed-src/targets/hal/TARGET_NXP/TARGET_LPC11UXX/serial_api.o
                0x0000a01c                serial_irq_handler
 .text.serial_getc
                0x0000a044       0x20 mbed-src/targets/hal/TARGET_NXP/TARGET_LPC11UXX/serial_api.o
                0x0000a044                serial_getc
 .text.serial_putc
                0x0000a064       0x24 mbed-src/targets/hal/TARGET_NXP/TARGET_LPC11UXX/serial_api.o
                0x0000a064                serial_putc
 .text.serial_readable
                0x0000a088       0x18 mbed-src/targets/hal/TARGET_NXP/TARGET_LPC11UXX/serial_api.o
                0x0000a088                serial_readable
 .text.serial_writable
                0x0000a0a0       0x18 mbed-src/targets/hal/TARGET_NXP/TARGET_LPC11UXX/serial_api.o
                0x0000a0a0                serial_writable
 .text.spi_init
                0x0000a0b8      0x1a0 mbed-src/targets/hal/TARGET_NXP/TARGET_LPC11UXX/spi_api.o
                0x0000a0b8                spi_init
 .text.spi_format
                0x0000a258       0xe8 mbed-src/targets/hal/TARGET_NXP/TARGET_LPC11UXX/spi_api.o
                0x0000a258                spi_format
 .text.spi_frequency
                0x0000a340       0xd4 mbed-src/targets/hal/TARGET_NXP/TARGET_LPC11UXX/spi_api.o
                0x0000a340                spi_frequency
 .text.ssp_disable
                0x0000a414       0x1c mbed-src/targets/hal/TARGET_NXP/TARGET_LPC11UXX/spi_api.o
 .text.ssp_enable
                0x0000a430       0x1c mbed-src/targets/hal/TARGET_NXP/TARGET_LPC11UXX/spi_api.o
 .text.ssp_readable
                0x0000a44c       0x18 mbed-src/targets/hal/TARGET_NXP/TARGET_LPC11UXX/spi_api.o
 .text.ssp_writeable
                0x0000a464       0x18 mbed-src/targets/hal/TARGET_NXP/TARGET_LPC11UXX/spi_api.o
 .text.ssp_write
                0x0000a47c       0x24 mbed-src/targets/hal/TARGET_NXP/TARGET_LPC11UXX/spi_api.o
 .text.ssp_read
                0x0000a4a0       0x20 mbed-src/targets/hal/TARGET_NXP/TARGET_LPC11UXX/spi_api.o
 .text.spi_master_write
                0x0000a4c0       0x24 mbed-src/targets/hal/TARGET_NXP/TARGET_LPC11UXX/spi_api.o
                0x0000a4c0                spi_master_write
 .text.NVIC_EnableIRQ
                0x0000a4e4       0x2c mbed-src/targets/hal/TARGET_NXP/TARGET_LPC11UXX/us_ticker.o
 .text.us_ticker_init
                0x0000a510       0x7c mbed-src/targets/hal/TARGET_NXP/TARGET_LPC11UXX/us_ticker.o
                0x0000a510                us_ticker_init
 .text.us_ticker_read
                0x0000a58c       0x20 mbed-src/targets/hal/TARGET_NXP/TARGET_LPC11UXX/us_ticker.o
                0x0000a58c                us_ticker_read
 .text.us_ticker_set_interrupt
                0x0000a5ac       0x20 mbed-src/targets/hal/TARGET_NXP/TARGET_LPC11UXX/us_ticker.o
                0x0000a5ac                us_ticker_set_interrupt
 .text.us_ticker_disable_interrupt
                0x0000a5cc       0x14 mbed-src/targets/hal/TARGET_NXP/TARGET_LPC11UXX/us_ticker.o
                0x0000a5cc                us_ticker_disable_interrupt
 .text.us_ticker_clear_interrupt
                0x0000a5e0       0x10 mbed-src/targets/hal/TARGET_NXP/TARGET_LPC11UXX/us_ticker.o
                0x0000a5e0                us_ticker_clear_interrupt
 .text.__aeabi_atexit
                0x0000a5f0        0xe c:/program files (x86)/gnu tools arm embedded/5.4 2016q3/bin/../lib/gcc/arm-none-eabi/5.4.1/../../../../arm-none-eabi/lib/armv6-m\libstdc++_nano.a(atexit_arm.o)
                0x0000a5f0                __aeabi_atexit
 .text._ZdlPv   0x0000a5fe        0x8 c:/program files (x86)/gnu tools arm embedded/5.4 2016q3/bin/../lib/gcc/arm-none-eabi/5.4.1/../../../../arm-none-eabi/lib/armv6-m\libstdc++_nano.a(del_op.o)
                0x0000a5fe                operator delete(void*)
 .text._Znwj    0x0000a606       0x24 c:/program files (x86)/gnu tools arm embedded/5.4 2016q3/bin/../lib/gcc/arm-none-eabi/5.4.1/../../../../arm-none-eabi/lib/armv6-m\libstdc++_nano.a(new_op.o)
                0x0000a606                operator new(unsigned int)
 *fill*         0x0000a62a        0x2 
 .text._ZSt15get_new_handlerv
                0x0000a62c        0xc c:/program files (x86)/gnu tools arm embedded/5.4 2016q3/bin/../lib/gcc/arm-none-eabi/5.4.1/../../../../arm-none-eabi/lib/armv6-m\libstdc++_nano.a(new_handler.o)
                0x0000a62c                std::get_new_handler()
 .text.floor    0x0000a638      0x130 c:/program files (x86)/gnu tools arm embedded/5.4 2016q3/bin/../lib/gcc/arm-none-eabi/5.4.1/../../../../arm-none-eabi/lib/armv6-m\libm.a(lib_a-s_floor.o)
                0x0000a638                floor
 .text.exp      0x0000a768      0x104 c:/program files (x86)/gnu tools arm embedded/5.4 2016q3/bin/../lib/gcc/arm-none-eabi/5.4.1/../../../../arm-none-eabi/lib/armv6-m\libm.a(lib_a-w_exp.o)
                0x0000a768                exp
 .text.__ieee754_exp
                0x0000a86c      0x2e4 c:/program files (x86)/gnu tools arm embedded/5.4 2016q3/bin/../lib/gcc/arm-none-eabi/5.4.1/../../../../arm-none-eabi/lib/armv6-m\libm.a(lib_a-e_exp.o)
                0x0000a86c                __ieee754_exp
 .text.finite   0x0000ab50       0x14 c:/program files (x86)/gnu tools arm embedded/5.4 2016q3/bin/../lib/gcc/arm-none-eabi/5.4.1/../../../../arm-none-eabi/lib/armv6-m\libm.a(lib_a-s_finite.o)
                0x0000ab50                finite
 .text.matherr  0x0000ab64        0x4 c:/program files (x86)/gnu tools arm embedded/5.4 2016q3/bin/../lib/gcc/arm-none-eabi/5.4.1/../../../../arm-none-eabi/lib/armv6-m\libm.a(lib_a-s_matherr.o)
                0x0000ab64                matherr
 .text.abort    0x0000ab68        0xe c:/program files (x86)/gnu tools arm embedded/5.4 2016q3/bin/../lib/gcc/arm-none-eabi/5.4.1/../../../../arm-none-eabi/lib/armv6-m\libc_nano.a(lib_a-abort.o)
                0x0000ab68                abort
 .text.abs      0x0000ab76        0x8 c:/program files (x86)/gnu tools arm embedded/5.4 2016q3/bin/../lib/gcc/arm-none-eabi/5.4.1/../../../../arm-none-eabi/lib/armv6-m\libc_nano.a(lib_a-abs.o)
                0x0000ab76                abs
 *fill*         0x0000ab7e        0x2 
 .text.__cxa_atexit
                0x0000ab80       0x1c c:/program files (x86)/gnu tools arm embedded/5.4 2016q3/bin/../lib/gcc/arm-none-eabi/5.4.1/../../../../arm-none-eabi/lib/armv6-m\libc_nano.a(lib_a-cxa_atexit.o)
                0x0000ab80                __cxa_atexit
 .text.__errno  0x0000ab9c        0xc c:/program files (x86)/gnu tools arm embedded/5.4 2016q3/bin/../lib/gcc/arm-none-eabi/5.4.1/../../../../arm-none-eabi/lib/armv6-m\libc_nano.a(lib_a-errno.o)
                0x0000ab9c                __errno
 .text.exit     0x0000aba8       0x2c c:/program files (x86)/gnu tools arm embedded/5.4 2016q3/bin/../lib/gcc/arm-none-eabi/5.4.1/../../../../arm-none-eabi/lib/armv6-m\libc_nano.a(lib_a-exit.o)
                0x0000aba8                exit
 .text._fclose_r
                0x0000abd4       0xb0 c:/program files (x86)/gnu tools arm embedded/5.4 2016q3/bin/../lib/gcc/arm-none-eabi/5.4.1/../../../../arm-none-eabi/lib/armv6-m\libc_nano.a(lib_a-fclose.o)
                0x0000abd4                _fclose_r
 .text.fclose   0x0000ac84       0x14 c:/program files (x86)/gnu tools arm embedded/5.4 2016q3/bin/../lib/gcc/arm-none-eabi/5.4.1/../../../../arm-none-eabi/lib/armv6-m\libc_nano.a(lib_a-fclose.o)
                0x0000ac84                fclose
 .text.__sflush_r
                0x0000ac98      0x10c c:/program files (x86)/gnu tools arm embedded/5.4 2016q3/bin/../lib/gcc/arm-none-eabi/5.4.1/../../../../arm-none-eabi/lib/armv6-m\libc_nano.a(lib_a-fflush.o)
                0x0000ac98                __sflush_r
 .text._fflush_r
                0x0000ada4       0x58 c:/program files (x86)/gnu tools arm embedded/5.4 2016q3/bin/../lib/gcc/arm-none-eabi/5.4.1/../../../../arm-none-eabi/lib/armv6-m\libc_nano.a(lib_a-fflush.o)
                0x0000ada4                _fflush_r
 .text.fflush   0x0000adfc       0x28 c:/program files (x86)/gnu tools arm embedded/5.4 2016q3/bin/../lib/gcc/arm-none-eabi/5.4.1/../../../../arm-none-eabi/lib/armv6-m\libc_nano.a(lib_a-fflush.o)
                0x0000adfc                fflush
 .text._fgetc_r
                0x0000ae24       0x5c c:/program files (x86)/gnu tools arm embedded/5.4 2016q3/bin/../lib/gcc/arm-none-eabi/5.4.1/../../../../arm-none-eabi/lib/armv6-m\libc_nano.a(lib_a-fgetc.o)
                0x0000ae24                _fgetc_r
 .text.fgetc    0x0000ae80       0x14 c:/program files (x86)/gnu tools arm embedded/5.4 2016q3/bin/../lib/gcc/arm-none-eabi/5.4.1/../../../../arm-none-eabi/lib/armv6-m\libc_nano.a(lib_a-fgetc.o)
                0x0000ae80                fgetc
 .text._fgets_r
                0x0000ae94       0xcc c:/program files (x86)/gnu tools arm embedded/5.4 2016q3/bin/../lib/gcc/arm-none-eabi/5.4.1/../../../../arm-none-eabi/lib/armv6-m\libc_nano.a(lib_a-fgets.o)
                0x0000ae94                _fgets_r
 .text.fgets    0x0000af60       0x18 c:/program files (x86)/gnu tools arm embedded/5.4 2016q3/bin/../lib/gcc/arm-none-eabi/5.4.1/../../../../arm-none-eabi/lib/armv6-m\libc_nano.a(lib_a-fgets.o)
                0x0000af60                fgets
 .text._cleanup_r
                0x0000af78       0x10 c:/program files (x86)/gnu tools arm embedded/5.4 2016q3/bin/../lib/gcc/arm-none-eabi/5.4.1/../../../../arm-none-eabi/lib/armv6-m\libc_nano.a(lib_a-findfp.o)
                0x0000af78                _cleanup_r
 .text.std.isra.0
                0x0000af88       0x48 c:/program files (x86)/gnu tools arm embedded/5.4 2016q3/bin/../lib/gcc/arm-none-eabi/5.4.1/../../../../arm-none-eabi/lib/armv6-m\libc_nano.a(lib_a-findfp.o)
 .text.__sfmoreglue
                0x0000afd0       0x2c c:/program files (x86)/gnu tools arm embedded/5.4 2016q3/bin/../lib/gcc/arm-none-eabi/5.4.1/../../../../arm-none-eabi/lib/armv6-m\libc_nano.a(lib_a-findfp.o)
                0x0000afd0                __sfmoreglue
 .text.__sinit  0x0000affc       0x68 c:/program files (x86)/gnu tools arm embedded/5.4 2016q3/bin/../lib/gcc/arm-none-eabi/5.4.1/../../../../arm-none-eabi/lib/armv6-m\libc_nano.a(lib_a-findfp.o)
                0x0000affc                __sinit
 .text.__sfp    0x0000b064       0x7c c:/program files (x86)/gnu tools arm embedded/5.4 2016q3/bin/../lib/gcc/arm-none-eabi/5.4.1/../../../../arm-none-eabi/lib/armv6-m\libc_nano.a(lib_a-findfp.o)
                0x0000b064                __sfp
 .text.__sfp_lock_acquire
                0x0000b0e0        0x2 c:/program files (x86)/gnu tools arm embedded/5.4 2016q3/bin/../lib/gcc/arm-none-eabi/5.4.1/../../../../arm-none-eabi/lib/armv6-m\libc_nano.a(lib_a-findfp.o)
                0x0000b0e0                __sfp_lock_acquire
 .text.__sfp_lock_release
                0x0000b0e2        0x2 c:/program files (x86)/gnu tools arm embedded/5.4 2016q3/bin/../lib/gcc/arm-none-eabi/5.4.1/../../../../arm-none-eabi/lib/armv6-m\libc_nano.a(lib_a-findfp.o)
                0x0000b0e2                __sfp_lock_release
 .text._fopen_r
                0x0000b0e4       0x7c c:/program files (x86)/gnu tools arm embedded/5.4 2016q3/bin/../lib/gcc/arm-none-eabi/5.4.1/../../../../arm-none-eabi/lib/armv6-m\libc_nano.a(lib_a-fopen.o)
                0x0000b0e4                _fopen_r
 .text.fopen    0x0000b160       0x14 c:/program files (x86)/gnu tools arm embedded/5.4 2016q3/bin/../lib/gcc/arm-none-eabi/5.4.1/../../../../arm-none-eabi/lib/armv6-m\libc_nano.a(lib_a-fopen.o)
                0x0000b160                fopen
 .text._fputc_r
                0x0000b174       0x4c c:/program files (x86)/gnu tools arm embedded/5.4 2016q3/bin/../lib/gcc/arm-none-eabi/5.4.1/../../../../arm-none-eabi/lib/armv6-m\libc_nano.a(lib_a-fputc.o)
                0x0000b174                _fputc_r
 .text.fputc    0x0000b1c0       0x14 c:/program files (x86)/gnu tools arm embedded/5.4 2016q3/bin/../lib/gcc/arm-none-eabi/5.4.1/../../../../arm-none-eabi/lib/armv6-m\libc_nano.a(lib_a-fputc.o)
                0x0000b1c0                fputc
 .text._fseek_r
                0x0000b1d4        0x8 c:/program files (x86)/gnu tools arm embedded/5.4 2016q3/bin/../lib/gcc/arm-none-eabi/5.4.1/../../../../arm-none-eabi/lib/armv6-m\libc_nano.a(lib_a-fseek.o)
                0x0000b1d4                _fseek_r
 .text._fseeko_r
                0x0000b1dc      0x130 c:/program files (x86)/gnu tools arm embedded/5.4 2016q3/bin/../lib/gcc/arm-none-eabi/5.4.1/../../../../arm-none-eabi/lib/armv6-m\libc_nano.a(lib_a-fseeko.o)
                0x0000b1dc                _fseeko_r
 .text._fwalk   0x0000b30c       0x38 c:/program files (x86)/gnu tools arm embedded/5.4 2016q3/bin/../lib/gcc/arm-none-eabi/5.4.1/../../../../arm-none-eabi/lib/armv6-m\libc_nano.a(lib_a-fwalk.o)
                0x0000b30c                _fwalk
 .text._fwalk_reent
                0x0000b344       0x42 c:/program files (x86)/gnu tools arm embedded/5.4 2016q3/bin/../lib/gcc/arm-none-eabi/5.4.1/../../../../arm-none-eabi/lib/armv6-m\libc_nano.a(lib_a-fwalk.o)
                0x0000b344                _fwalk_reent
 *fill*         0x0000b386        0x2 
 .text.__libc_init_array
                0x0000b388       0x4c c:/program files (x86)/gnu tools arm embedded/5.4 2016q3/bin/../lib/gcc/arm-none-eabi/5.4.1/../../../../arm-none-eabi/lib/armv6-m\libc_nano.a(lib_a-init.o)
                0x0000b388                __libc_init_array
 .text.localtime
                0x0000b3d4       0x24 c:/program files (x86)/gnu tools arm embedded/5.4 2016q3/bin/../lib/gcc/arm-none-eabi/5.4.1/../../../../arm-none-eabi/lib/armv6-m\libc_nano.a(lib_a-lcltime.o)
                0x0000b3d4                localtime
 .text.localtime_r
                0x0000b3f8      0x1e0 c:/program files (x86)/gnu tools arm embedded/5.4 2016q3/bin/../lib/gcc/arm-none-eabi/5.4.1/../../../../arm-none-eabi/lib/armv6-m\libc_nano.a(lib_a-lcltime_r.o)
                0x0000b3f8                localtime_r
 .text.__swhatbuf_r
                0x0000b5d8       0x4c c:/program files (x86)/gnu tools arm embedded/5.4 2016q3/bin/../lib/gcc/arm-none-eabi/5.4.1/../../../../arm-none-eabi/lib/armv6-m\libc_nano.a(lib_a-makebuf.o)
                0x0000b5d8                __swhatbuf_r
 .text.__smakebuf_r
                0x0000b624       0x7c c:/program files (x86)/gnu tools arm embedded/5.4 2016q3/bin/../lib/gcc/arm-none-eabi/5.4.1/../../../../arm-none-eabi/lib/armv6-m\libc_nano.a(lib_a-makebuf.o)
                0x0000b624                __smakebuf_r
 .text.malloc   0x0000b6a0       0x14 c:/program files (x86)/gnu tools arm embedded/5.4 2016q3/bin/../lib/gcc/arm-none-eabi/5.4.1/../../../../arm-none-eabi/lib/armv6-m\libc_nano.a(lib_a-malloc.o)
                0x0000b6a0                malloc
 .text.free     0x0000b6b4       0x14 c:/program files (x86)/gnu tools arm embedded/5.4 2016q3/bin/../lib/gcc/arm-none-eabi/5.4.1/../../../../arm-none-eabi/lib/armv6-m\libc_nano.a(lib_a-malloc.o)
                0x0000b6b4                free
 .text.memchr   0x0000b6c8       0x16 c:/program files (x86)/gnu tools arm embedded/5.4 2016q3/bin/../lib/gcc/arm-none-eabi/5.4.1/../../../../arm-none-eabi/lib/armv6-m\libc_nano.a(lib_a-memchr-stub.o)
                0x0000b6c8                memchr
 .text.memcpy   0x0000b6de       0x12 c:/program files (x86)/gnu tools arm embedded/5.4 2016q3/bin/../lib/gcc/arm-none-eabi/5.4.1/../../../../arm-none-eabi/lib/armv6-m\libc_nano.a(lib_a-memcpy-stub.o)
                0x0000b6de                memcpy
 .text.memmove  0x0000b6f0       0x2a c:/program files (x86)/gnu tools arm embedded/5.4 2016q3/bin/../lib/gcc/arm-none-eabi/5.4.1/../../../../arm-none-eabi/lib/armv6-m\libc_nano.a(lib_a-memmove.o)
                0x0000b6f0                memmove
 .text.memset   0x0000b71a       0x10 c:/program files (x86)/gnu tools arm embedded/5.4 2016q3/bin/../lib/gcc/arm-none-eabi/5.4.1/../../../../arm-none-eabi/lib/armv6-m\libc_nano.a(lib_a-memset.o)
                0x0000b71a                memset
 *fill*         0x0000b72a        0x2 
 .text._free_r  0x0000b72c       0x98 c:/program files (x86)/gnu tools arm embedded/5.4 2016q3/bin/../lib/gcc/arm-none-eabi/5.4.1/../../../../arm-none-eabi/lib/armv6-m\libc_nano.a(lib_a-nano-freer.o)
                0x0000b72c                _free_r
 .text._malloc_r
                0x0000b7c4       0xc0 c:/program files (x86)/gnu tools arm embedded/5.4 2016q3/bin/../lib/gcc/arm-none-eabi/5.4.1/../../../../arm-none-eabi/lib/armv6-m\libc_nano.a(lib_a-nano-mallocr.o)
                0x0000b7c4                _malloc_r
 .text.__sfputc_r
                0x0000b884       0x2a c:/program files (x86)/gnu tools arm embedded/5.4 2016q3/bin/../lib/gcc/arm-none-eabi/5.4.1/../../../../arm-none-eabi/lib/armv6-m\libc_nano.a(lib_a-nano-vfprintf.o)
 .text.__sfputs_r
                0x0000b8ae       0x24 c:/program files (x86)/gnu tools arm embedded/5.4 2016q3/bin/../lib/gcc/arm-none-eabi/5.4.1/../../../../arm-none-eabi/lib/armv6-m\libc_nano.a(lib_a-nano-vfprintf.o)
                0x0000b8ae                __sfputs_r
 *fill*         0x0000b8d2        0x2 
 .text._vfprintf_r
                0x0000b8d4      0x238 c:/program files (x86)/gnu tools arm embedded/5.4 2016q3/bin/../lib/gcc/arm-none-eabi/5.4.1/../../../../arm-none-eabi/lib/armv6-m\libc_nano.a(lib_a-nano-vfprintf.o)
                0x0000b8d4                _vfprintf_r
                0x0000b8d4                _vfiprintf_r
 .text.vfprintf
                0x0000bb0c       0x18 c:/program files (x86)/gnu tools arm embedded/5.4 2016q3/bin/../lib/gcc/arm-none-eabi/5.4.1/../../../../arm-none-eabi/lib/armv6-m\libc_nano.a(lib_a-nano-vfprintf.o)
                0x0000bb0c                vfprintf
                0x0000bb0c                vfiprintf
 .text._printf_common
                0x0000bb24       0xdc c:/program files (x86)/gnu tools arm embedded/5.4 2016q3/bin/../lib/gcc/arm-none-eabi/5.4.1/../../../../arm-none-eabi/lib/armv6-m\libc_nano.a(lib_a-nano-vfprintf_i.o)
                0x0000bb24                _printf_common
 .text._printf_i
                0x0000bc00      0x244 c:/program files (x86)/gnu tools arm embedded/5.4 2016q3/bin/../lib/gcc/arm-none-eabi/5.4.1/../../../../arm-none-eabi/lib/armv6-m\libc_nano.a(lib_a-nano-vfprintf_i.o)
                0x0000bc00                _printf_i
 .text._scanf_chars
                0x0000be44       0xce c:/program files (x86)/gnu tools arm embedded/5.4 2016q3/bin/../lib/gcc/arm-none-eabi/5.4.1/../../../../arm-none-eabi/lib/armv6-m\libc_nano.a(lib_a-nano-vfscanf_i.o)
                0x0000be44                _scanf_chars
 *fill*         0x0000bf12        0x2 
 .text._scanf_i
                0x0000bf14      0x200 c:/program files (x86)/gnu tools arm embedded/5.4 2016q3/bin/../lib/gcc/arm-none-eabi/5.4.1/../../../../arm-none-eabi/lib/armv6-m\libc_nano.a(lib_a-nano-vfscanf_i.o)
                0x0000bf14                _scanf_i
 .text._open_r  0x0000c114       0x28 c:/program files (x86)/gnu tools arm embedded/5.4 2016q3/bin/../lib/gcc/arm-none-eabi/5.4.1/../../../../arm-none-eabi/lib/armv6-m\libc_nano.a(lib_a-openr.o)
                0x0000c114                _open_r
 .text._putc_r  0x0000c13c       0x6c c:/program files (x86)/gnu tools arm embedded/5.4 2016q3/bin/../lib/gcc/arm-none-eabi/5.4.1/../../../../arm-none-eabi/lib/armv6-m\libc_nano.a(lib_a-putc.o)
                0x0000c13c                _putc_r
 .text.lflush   0x0000c1a8       0x18 c:/program files (x86)/gnu tools arm embedded/5.4 2016q3/bin/../lib/gcc/arm-none-eabi/5.4.1/../../../../arm-none-eabi/lib/armv6-m\libc_nano.a(lib_a-refill.o)
 .text.__srefill_r
                0x0000c1c0      0x124 c:/program files (x86)/gnu tools arm embedded/5.4 2016q3/bin/../lib/gcc/arm-none-eabi/5.4.1/../../../../arm-none-eabi/lib/armv6-m\libc_nano.a(lib_a-refill.o)
                0x0000c1c0                __srefill_r
 .text.__srget_r
                0x0000c2e4       0x60 c:/program files (x86)/gnu tools arm embedded/5.4 2016q3/bin/../lib/gcc/arm-none-eabi/5.4.1/../../../../arm-none-eabi/lib/armv6-m\libc_nano.a(lib_a-rget.o)
                0x0000c2e4                __srget_r
 .text._sbrk_r  0x0000c344       0x24 c:/program files (x86)/gnu tools arm embedded/5.4 2016q3/bin/../lib/gcc/arm-none-eabi/5.4.1/../../../../arm-none-eabi/lib/armv6-m\libc_nano.a(lib_a-sbrkr.o)
                0x0000c344                _sbrk_r
 .text.__sccl   0x0000c368       0x64 c:/program files (x86)/gnu tools arm embedded/5.4 2016q3/bin/../lib/gcc/arm-none-eabi/5.4.1/../../../../arm-none-eabi/lib/armv6-m\libc_nano.a(lib_a-sccl.o)
                0x0000c368                __sccl
 .text.setbuf   0x0000c3cc       0x12 c:/program files (x86)/gnu tools arm embedded/5.4 2016q3/bin/../lib/gcc/arm-none-eabi/5.4.1/../../../../arm-none-eabi/lib/armv6-m\libc_nano.a(lib_a-setbuf.o)
                0x0000c3cc                setbuf
 *fill*         0x0000c3de        0x2 
 .text.setvbuf  0x0000c3e0      0x160 c:/program files (x86)/gnu tools arm embedded/5.4 2016q3/bin/../lib/gcc/arm-none-eabi/5.4.1/../../../../arm-none-eabi/lib/armv6-m\libc_nano.a(lib_a-setvbuf.o)
                0x0000c3e0                setvbuf
 .text._raise_r
                0x0000c540       0x54 c:/program files (x86)/gnu tools arm embedded/5.4 2016q3/bin/../lib/gcc/arm-none-eabi/5.4.1/../../../../arm-none-eabi/lib/armv6-m\libc_nano.a(lib_a-signal.o)
                0x0000c540                _raise_r
 .text.raise    0x0000c594       0x14 c:/program files (x86)/gnu tools arm embedded/5.4 2016q3/bin/../lib/gcc/arm-none-eabi/5.4.1/../../../../arm-none-eabi/lib/armv6-m\libc_nano.a(lib_a-signal.o)
                0x0000c594                raise
 .text._kill_r  0x0000c5a8       0x24 c:/program files (x86)/gnu tools arm embedded/5.4 2016q3/bin/../lib/gcc/arm-none-eabi/5.4.1/../../../../arm-none-eabi/lib/armv6-m\libc_nano.a(lib_a-signalr.o)
                0x0000c5a8                _kill_r
 .text._getpid_r
                0x0000c5cc        0x8 c:/program files (x86)/gnu tools arm embedded/5.4 2016q3/bin/../lib/gcc/arm-none-eabi/5.4.1/../../../../arm-none-eabi/lib/armv6-m\libc_nano.a(lib_a-signalr.o)
                0x0000c5cc                _getpid_r
 .text.sprintf  0x0000c5d4       0x44 c:/program files (x86)/gnu tools arm embedded/5.4 2016q3/bin/../lib/gcc/arm-none-eabi/5.4.1/../../../../arm-none-eabi/lib/armv6-m\libc_nano.a(lib_a-sprintf.o)
                0x0000c5d4                siprintf
                0x0000c5d4                sprintf
 .text.sscanf   0x0000c618       0x50 c:/program files (x86)/gnu tools arm embedded/5.4 2016q3/bin/../lib/gcc/arm-none-eabi/5.4.1/../../../../arm-none-eabi/lib/armv6-m\libc_nano.a(lib_a-sscanf.o)
                0x0000c618                siscanf
                0x0000c618                sscanf
 .text.__sread  0x0000c668       0x28 c:/program files (x86)/gnu tools arm embedded/5.4 2016q3/bin/../lib/gcc/arm-none-eabi/5.4.1/../../../../arm-none-eabi/lib/armv6-m\libc_nano.a(lib_a-stdio.o)
                0x0000c668                __sread
 .text.__seofread
                0x0000c690        0x4 c:/program files (x86)/gnu tools arm embedded/5.4 2016q3/bin/../lib/gcc/arm-none-eabi/5.4.1/../../../../arm-none-eabi/lib/armv6-m\libc_nano.a(lib_a-stdio.o)
                0x0000c690                __seofread
 .text.__swrite
                0x0000c694       0x38 c:/program files (x86)/gnu tools arm embedded/5.4 2016q3/bin/../lib/gcc/arm-none-eabi/5.4.1/../../../../arm-none-eabi/lib/armv6-m\libc_nano.a(lib_a-stdio.o)
                0x0000c694                __swrite
 .text.__sseek  0x0000c6cc       0x2c c:/program files (x86)/gnu tools arm embedded/5.4 2016q3/bin/../lib/gcc/arm-none-eabi/5.4.1/../../../../arm-none-eabi/lib/armv6-m\libc_nano.a(lib_a-stdio.o)
                0x0000c6cc                __sseek
 .text.__sclose
                0x0000c6f8        0xc c:/program files (x86)/gnu tools arm embedded/5.4 2016q3/bin/../lib/gcc/arm-none-eabi/5.4.1/../../../../arm-none-eabi/lib/armv6-m\libc_nano.a(lib_a-stdio.o)
                0x0000c6f8                __sclose
 .text          0x0000c704       0x14 c:/program files (x86)/gnu tools arm embedded/5.4 2016q3/bin/../lib/gcc/arm-none-eabi/5.4.1/../../../../arm-none-eabi/lib/armv6-m\libc_nano.a(lib_a-strcmp.o)
                0x0000c704                strcmp
 .text          0x0000c718        0xe c:/program files (x86)/gnu tools arm embedded/5.4 2016q3/bin/../lib/gcc/arm-none-eabi/5.4.1/../../../../arm-none-eabi/lib/armv6-m\libc_nano.a(lib_a-strlen.o)
                0x0000c718                strlen
 .text.strncmp  0x0000c726       0x24 c:/program files (x86)/gnu tools arm embedded/5.4 2016q3/bin/../lib/gcc/arm-none-eabi/5.4.1/../../../../arm-none-eabi/lib/armv6-m\libc_nano.a(lib_a-strncmp.o)
                0x0000c726                strncmp
 *fill*         0x0000c74a        0x2 
 .text._strtol_l.isra.0
                0x0000c74c      0x11c c:/program files (x86)/gnu tools arm embedded/5.4 2016q3/bin/../lib/gcc/arm-none-eabi/5.4.1/../../../../arm-none-eabi/lib/armv6-m\libc_nano.a(lib_a-strtol.o)
 .text._strtol_r
                0x0000c868       0x20 c:/program files (x86)/gnu tools arm embedded/5.4 2016q3/bin/../lib/gcc/arm-none-eabi/5.4.1/../../../../arm-none-eabi/lib/armv6-m\libc_nano.a(lib_a-strtol.o)
                0x0000c868                _strtol_r
 .text._strtoul_l.isra.0
                0x0000c888      0x108 c:/program files (x86)/gnu tools arm embedded/5.4 2016q3/bin/../lib/gcc/arm-none-eabi/5.4.1/../../../../arm-none-eabi/lib/armv6-m\libc_nano.a(lib_a-strtoul.o)
 .text._strtoul_r
                0x0000c990       0x20 c:/program files (x86)/gnu tools arm embedded/5.4 2016q3/bin/../lib/gcc/arm-none-eabi/5.4.1/../../../../arm-none-eabi/lib/armv6-m\libc_nano.a(lib_a-strtoul.o)
                0x0000c990                _strtoul_r
 .text.strtoul  0x0000c9b0       0x28 c:/program files (x86)/gnu tools arm embedded/5.4 2016q3/bin/../lib/gcc/arm-none-eabi/5.4.1/../../../../arm-none-eabi/lib/armv6-m\libc_nano.a(lib_a-strtoul.o)
                0x0000c9b0                strtoul
 .text.__tzcalc_limits
                0x0000c9d8      0x15c c:/program files (x86)/gnu tools arm embedded/5.4 2016q3/bin/../lib/gcc/arm-none-eabi/5.4.1/../../../../arm-none-eabi/lib/armv6-m\libc_nano.a(lib_a-tzcalc_limits.o)
                0x0000c9d8                __tzcalc_limits
 .text.__tz_lock
                0x0000cb34        0x2 c:/program files (x86)/gnu tools arm embedded/5.4 2016q3/bin/../lib/gcc/arm-none-eabi/5.4.1/../../../../arm-none-eabi/lib/armv6-m\libc_nano.a(lib_a-tzlock.o)
                0x0000cb34                __tz_lock
 .text.__tz_unlock
                0x0000cb36        0x2 c:/program files (x86)/gnu tools arm embedded/5.4 2016q3/bin/../lib/gcc/arm-none-eabi/5.4.1/../../../../arm-none-eabi/lib/armv6-m\libc_nano.a(lib_a-tzlock.o)
                0x0000cb36                __tz_unlock
 .text._tzset_unlocked
                0x0000cb38       0x10 c:/program files (x86)/gnu tools arm embedded/5.4 2016q3/bin/../lib/gcc/arm-none-eabi/5.4.1/../../../../arm-none-eabi/lib/armv6-m\libc_nano.a(lib_a-tzset.o)
                0x0000cb38                _tzset_unlocked
 .text._tzset_unlocked_r
                0x0000cb48      0x308 c:/program files (x86)/gnu tools arm embedded/5.4 2016q3/bin/../lib/gcc/arm-none-eabi/5.4.1/../../../../arm-none-eabi/lib/armv6-m\libc_nano.a(lib_a-tzset_r.o)
                0x0000cb48                _tzset_unlocked_r
 .text.__submore
                0x0000ce50       0x7c c:/program files (x86)/gnu tools arm embedded/5.4 2016q3/bin/../lib/gcc/arm-none-eabi/5.4.1/../../../../arm-none-eabi/lib/armv6-m\libc_nano.a(lib_a-ungetc.o)
                0x0000ce50                __submore
 .text.__swbuf_r
                0x0000cecc       0xac c:/program files (x86)/gnu tools arm embedded/5.4 2016q3/bin/../lib/gcc/arm-none-eabi/5.4.1/../../../../arm-none-eabi/lib/armv6-m\libc_nano.a(lib_a-wbuf.o)
                0x0000cecc                __swbuf_r
 .text._write_r
                0x0000cf78       0x28 c:/program files (x86)/gnu tools arm embedded/5.4 2016q3/bin/../lib/gcc/arm-none-eabi/5.4.1/../../../../arm-none-eabi/lib/armv6-m\libc_nano.a(lib_a-writer.o)
                0x0000cf78                _write_r
 .text.__swsetup_r
                0x0000cfa0       0xec c:/program files (x86)/gnu tools arm embedded/5.4 2016q3/bin/../lib/gcc/arm-none-eabi/5.4.1/../../../../arm-none-eabi/lib/armv6-m\libc_nano.a(lib_a-wsetup.o)
                0x0000cfa0                __swsetup_r
 .text._close_r
                0x0000d08c       0x24 c:/program files (x86)/gnu tools arm embedded/5.4 2016q3/bin/../lib/gcc/arm-none-eabi/5.4.1/../../../../arm-none-eabi/lib/armv6-m\libc_nano.a(lib_a-closer.o)
                0x0000d08c                _close_r
 .text.__sflags
                0x0000d0b0       0x74 c:/program files (x86)/gnu tools arm embedded/5.4 2016q3/bin/../lib/gcc/arm-none-eabi/5.4.1/../../../../arm-none-eabi/lib/armv6-m\libc_nano.a(lib_a-flags.o)
                0x0000d0b0                __sflags
 .text._fstat_r
                0x0000d124       0x24 c:/program files (x86)/gnu tools arm embedded/5.4 2016q3/bin/../lib/gcc/arm-none-eabi/5.4.1/../../../../arm-none-eabi/lib/armv6-m\libc_nano.a(lib_a-fstatr.o)
                0x0000d124                _fstat_r
 .text._findenv_r
                0x0000d148       0x74 c:/program files (x86)/gnu tools arm embedded/5.4 2016q3/bin/../lib/gcc/arm-none-eabi/5.4.1/../../../../arm-none-eabi/lib/armv6-m\libc_nano.a(lib_a-getenv_r.o)
                0x0000d148                _findenv_r
 .text._getenv_r
                0x0000d1bc        0xa c:/program files (x86)/gnu tools arm embedded/5.4 2016q3/bin/../lib/gcc/arm-none-eabi/5.4.1/../../../../arm-none-eabi/lib/armv6-m\libc_nano.a(lib_a-getenv_r.o)
                0x0000d1bc                _getenv_r
 *fill*         0x0000d1c6        0x2 
 .text.__gettzinfo
                0x0000d1c8        0x8 c:/program files (x86)/gnu tools arm embedded/5.4 2016q3/bin/../lib/gcc/arm-none-eabi/5.4.1/../../../../arm-none-eabi/lib/armv6-m\libc_nano.a(lib_a-gettzinfo.o)
                0x0000d1c8                __gettzinfo
 .text.gmtime_r
                0x0000d1d0      0x178 c:/program files (x86)/gnu tools arm embedded/5.4 2016q3/bin/../lib/gcc/arm-none-eabi/5.4.1/../../../../arm-none-eabi/lib/armv6-m\libc_nano.a(lib_a-gmtime_r.o)
                0x0000d1d0                gmtime_r
 .text._isatty_r
                0x0000d348       0x24 c:/program files (x86)/gnu tools arm embedded/5.4 2016q3/bin/../lib/gcc/arm-none-eabi/5.4.1/../../../../arm-none-eabi/lib/armv6-m\libc_nano.a(lib_a-isattyr.o)
                0x0000d348                _isatty_r
 .text.__get_current_locale
                0x0000d36c       0x18 c:/program files (x86)/gnu tools arm embedded/5.4 2016q3/bin/../lib/gcc/arm-none-eabi/5.4.1/../../../../arm-none-eabi/lib/armv6-m\libc_nano.a(lib_a-locale.o)
 .text.__locale_ctype_ptr_l
                0x0000d384        0x6 c:/program files (x86)/gnu tools arm embedded/5.4 2016q3/bin/../lib/gcc/arm-none-eabi/5.4.1/../../../../arm-none-eabi/lib/armv6-m\libc_nano.a(lib_a-locale.o)
                0x0000d384                __locale_ctype_ptr_l
 *fill*         0x0000d38a        0x2 
 .text.__locale_ctype_ptr
                0x0000d38c       0x14 c:/program files (x86)/gnu tools arm embedded/5.4 2016q3/bin/../lib/gcc/arm-none-eabi/5.4.1/../../../../arm-none-eabi/lib/armv6-m\libc_nano.a(lib_a-locale.o)
                0x0000d38c                __locale_ctype_ptr
 .text._lseek_r
                0x0000d3a0       0x28 c:/program files (x86)/gnu tools arm embedded/5.4 2016q3/bin/../lib/gcc/arm-none-eabi/5.4.1/../../../../arm-none-eabi/lib/armv6-m\libc_nano.a(lib_a-lseekr.o)
                0x0000d3a0                _lseek_r
 .text.__ascii_mbtowc
                0x0000d3c8       0x24 c:/program files (x86)/gnu tools arm embedded/5.4 2016q3/bin/../lib/gcc/arm-none-eabi/5.4.1/../../../../arm-none-eabi/lib/armv6-m\libc_nano.a(lib_a-mbtowc_r.o)
                0x0000d3c8                __ascii_mbtowc
 .text.__malloc_lock
                0x0000d3ec        0x2 c:/program files (x86)/gnu tools arm embedded/5.4 2016q3/bin/../lib/gcc/arm-none-eabi/5.4.1/../../../../arm-none-eabi/lib/armv6-m\libc_nano.a(lib_a-mlock.o)
                0x0000d3ec                __malloc_lock
 .text.__malloc_unlock
                0x0000d3ee        0x2 c:/program files (x86)/gnu tools arm embedded/5.4 2016q3/bin/../lib/gcc/arm-none-eabi/5.4.1/../../../../arm-none-eabi/lib/armv6-m\libc_nano.a(lib_a-mlock.o)
                0x0000d3ee                __malloc_unlock
 .text._realloc_r
                0x0000d3f0       0x4c c:/program files (x86)/gnu tools arm embedded/5.4 2016q3/bin/../lib/gcc/arm-none-eabi/5.4.1/../../../../arm-none-eabi/lib/armv6-m\libc_nano.a(lib_a-nano-reallocr.o)
                0x0000d3f0                _realloc_r
 .text.__ssputs_r
                0x0000d43c       0xc4 c:/program files (x86)/gnu tools arm embedded/5.4 2016q3/bin/../lib/gcc/arm-none-eabi/5.4.1/../../../../arm-none-eabi/lib/armv6-m\libc_nano.a(lib_a-nano-svfprintf.o)
                0x0000d43c                __ssputs_r
 .text._svfprintf_r
                0x0000d500      0x1fc c:/program files (x86)/gnu tools arm embedded/5.4 2016q3/bin/../lib/gcc/arm-none-eabi/5.4.1/../../../../arm-none-eabi/lib/armv6-m\libc_nano.a(lib_a-nano-svfprintf.o)
                0x0000d500                _svfiprintf_r
                0x0000d500                _svfprintf_r
 .text._sungetc_r
                0x0000d6fc       0x78 c:/program files (x86)/gnu tools arm embedded/5.4 2016q3/bin/../lib/gcc/arm-none-eabi/5.4.1/../../../../arm-none-eabi/lib/armv6-m\libc_nano.a(lib_a-nano-svfscanf.o)
                0x0000d6fc                _sungetc_r
 .text.__ssrefill_r
                0x0000d774       0x3e c:/program files (x86)/gnu tools arm embedded/5.4 2016q3/bin/../lib/gcc/arm-none-eabi/5.4.1/../../../../arm-none-eabi/lib/armv6-m\libc_nano.a(lib_a-nano-svfscanf.o)
                0x0000d774                __ssrefill_r
 *fill*         0x0000d7b2        0x2 
 .text.__ssvfscanf_r
                0x0000d7b4      0x2fc c:/program files (x86)/gnu tools arm embedded/5.4 2016q3/bin/../lib/gcc/arm-none-eabi/5.4.1/../../../../arm-none-eabi/lib/armv6-m\libc_nano.a(lib_a-nano-svfscanf.o)
                0x0000d7b4                __ssvfiscanf_r
                0x0000d7b4                __ssvfscanf_r
 .text._read_r  0x0000dab0       0x28 c:/program files (x86)/gnu tools arm embedded/5.4 2016q3/bin/../lib/gcc/arm-none-eabi/5.4.1/../../../../arm-none-eabi/lib/armv6-m\libc_nano.a(lib_a-readr.o)
                0x0000dab0                _read_r
 .text.strcpy   0x0000dad8       0x10 c:/program files (x86)/gnu tools arm embedded/5.4 2016q3/bin/../lib/gcc/arm-none-eabi/5.4.1/../../../../arm-none-eabi/lib/armv6-m\libc_nano.a(lib_a-strcpy.o)
                0x0000dad8                strcpy
 .text.__ascii_wctomb
                0x0000dae8       0x18 c:/program files (x86)/gnu tools arm embedded/5.4 2016q3/bin/../lib/gcc/arm-none-eabi/5.4.1/../../../../arm-none-eabi/lib/armv6-m\libc_nano.a(lib_a-wctomb_r.o)
                0x0000dae8                __ascii_wctomb
 .text.__env_lock
                0x0000db00        0x2 c:/program files (x86)/gnu tools arm embedded/5.4 2016q3/bin/../lib/gcc/arm-none-eabi/5.4.1/../../../../arm-none-eabi/lib/armv6-m\libc_nano.a(lib_a-envlock.o)
                0x0000db00                __env_lock
 .text.__env_unlock